 result

 Timestamp is 5cd9997d (Mon May 13 19:21:17 2019)

 Preferred load address is 0000000180000000

 Start         Length     Name                   Class
 0001:00000000 0000d660H .text$mn                CODE
 0001:0000d660 00000020H .text$mn$00             CODE
 0001:0000d680 00000250H .text$x                 CODE
 0002:00000000 00000248H .idata$5                DATA
 0002:00000248 00000010H .00cfg                  DATA
 0002:00000258 00000008H .CRT$XCA                DATA
 0002:00000260 00000008H .CRT$XCU                DATA
 0002:00000268 00000008H .CRT$XCZ                DATA
 0002:00000270 00000008H .CRT$XIA                DATA
 0002:00000278 00000018H .CRT$XIC                DATA
 0002:00000290 00000008H .CRT$XIZ                DATA
 0002:00000298 00000008H .CRT$XPA                DATA
 0002:000002a0 00000010H .CRT$XPX                DATA
 0002:000002b0 00000008H .CRT$XPXA               DATA
 0002:000002b8 00000008H .CRT$XPZ                DATA
 0002:000002c0 00000008H .CRT$XTA                DATA
 0002:000002c8 00000008H .CRT$XTZ                DATA
 0002:000002d0 00000000H .gfids$y                DATA
 0002:000002d0 00007360H .rdata                  DATA
 0002:00007630 000002fcH .rdata$r                DATA
 0002:0000792c 000003a4H .rdata$zzzdbg           DATA
 0002:00007cd0 00000008H .rtc$IAA                DATA
 0002:00007cd8 00000008H .rtc$IZZ                DATA
 0002:00007ce0 00000008H .rtc$TAA                DATA
 0002:00007ce8 00000008H .rtc$TZZ                DATA
 0002:00007cf0 00000d78H .xdata                  DATA
 0002:00008a68 0000017cH .xdata$x                DATA
 0002:00008be4 00000020H .didat$2                DATA
 0002:00008c04 00000024H .didat$3                DATA
 0002:00008c28 000000e8H .didat$4                DATA
 0002:00008d10 00000760H .didat$6                DATA
 0002:00009470 000000f0H .didat$7                DATA
 0002:00009560 00000050H .edata                  DATA
 0002:000095b0 00000014H .idata$2                DATA
 0002:000095c4 00000014H .idata$3                DATA
 0002:000095d8 00000248H .idata$4                DATA
 0002:00009820 0000054eH .idata$6                DATA
 0003:00000000 00000a20H .data                   DATA
 0003:00000a20 000000f0H .data$r                 DATA
 0003:00000b10 000000f0H .didat$5                DATA
 0003:00000c00 00001200H .bss                    DATA
 0004:00000000 00000fd8H .pdata                  DATA
 0005:00000000 00000060H .rsrc$01                DATA
 0005:00000060 00000180H .rsrc$02                DATA

  Address         Publics by Value              Rva+Base               Lib:Object

 0000:00000000       __hybrid_code_map          0000000000000000     <absolute>
 0000:00000000       __hybrid_code_map_count    0000000000000000     <absolute>
 0000:00000000       __guard_fids_count         0000000000000000     <absolute>
 0000:00000000       __volatile_metadata        0000000000000000     <absolute>
 0000:00000000       __guard_longjmp_count      0000000000000000     <absolute>
 0000:00000000       __guard_longjmp_table      0000000000000000     <absolute>
 0000:00000000       __guard_iat_table          0000000000000000     <absolute>
 0000:00000000       __guard_iat_count          0000000000000000     <absolute>
 0000:00000000       ___safe_se_handler_count   0000000000000000     <absolute>
 0000:00000000       __enclave_config           0000000000000000     <absolute>
 0000:00000000       ___safe_se_handler_table   0000000000000000     <absolute>
 0000:00000000       __guard_fids_table         0000000000000000     <absolute>
 0000:00000000       __hybrid_auxiliary_iat     0000000000000000     <absolute>
 0000:00000000       __dynamic_value_reloc_table 0000000000000000     <absolute>
 0000:00000100       __guard_flags              0000000000000100     <absolute>
 0000:00000000       __ImageBase                0000000180000000     <linker-defined>
 0001:000000e0       ?Export@Nan@@YAXV?$Local@VObject@v8@@@v8@@PEBDP6AXAEBV?$FunctionCallbackInfo@VValue@v8@@@1@@Z@Z 00000001800010e0 f i main.obj
 0001:00000310       ?LUdecomposition@@YAXAEBV?$FunctionCallbackInfo@VValue@v8@@@Nan@@@Z 0000000180001310 f   main.obj
 0001:00000fb0       ?Initialize@@YAXV?$Local@VObject@v8@@@v8@@@Z 0000000180001fb0 f   main.obj
 0001:00000fd0       ?_Xlength@?$vector@V?$vector@MV?$allocator@M@std@@@std@@V?$allocator@V?$vector@MV?$allocator@M@std@@@std@@@2@@std@@CAXXZ 0000000180001fd0 f i main.obj
 0001:00000fd0       ?_Xlength@?$vector@MV?$allocator@M@std@@@std@@CAXXZ 0000000180001fd0 f i main.obj
 0001:00000ff0       ??$_Resize@V<lambda_49b0cdb62db46c0ce64c49d80292ca8e>@@@?$vector@V?$vector@MV?$allocator@M@std@@@std@@V?$allocator@V?$vector@MV?$allocator@M@std@@@std@@@2@@std@@AEAAX_KV<lambda_49b0cdb62db46c0ce64c49d80292ca8e>@@@Z 0000000180001ff0 f i main.obj
 0001:00001280       ??$_Emplace_reallocate@V?$vector@MV?$allocator@M@std@@@std@@@?$vector@V?$vector@MV?$allocator@M@std@@@std@@V?$allocator@V?$vector@MV?$allocator@M@std@@@std@@@2@@std@@QEAAPEAV?$vector@MV?$allocator@M@std@@@1@QEAV21@$$QEAV21@@Z 0000000180002280 f i main.obj
 0001:000015a0       ??$_Resize@V<lambda_a0fd67340d08d33487be225a22701bdb>@@@?$vector@MV?$allocator@M@std@@@std@@AEAAX_KV<lambda_a0fd67340d08d33487be225a22701bdb>@@@Z 00000001800025a0 f i main.obj
 0001:00001750       ??$_Emplace_reallocate@AEBM@?$vector@MV?$allocator@M@std@@@std@@QEAAPEAMQEAMAEBM@Z 0000000180002750 f i main.obj
 0001:000018f0       ??$_Destroy_range@V?$allocator@V?$vector@MV?$allocator@M@std@@@std@@@std@@@std@@YAXPEAV?$vector@MV?$allocator@M@std@@@0@0AEAV?$allocator@V?$vector@MV?$allocator@M@std@@@std@@@0@@Z 00000001800028f0 f i main.obj
 0001:000019cc       __imp_load_?Value@External@v8@@QEBAPEAXXZ 00000001800029cc f   node:node.exe
 0001:000019d8       __tailMerge_node_exe       00000001800029d8     node:node.exe
 0001:00001a51       __imp_load_?New@External@v8@@SA?AV?$Local@VExternal@v8@@@2@PEAVIsolate@2@PEAX@Z 0000000180002a51 f   node:node.exe
 0001:00001a5d       __imp_load_?GetCurrentContext@Isolate@v8@@QEAA?AV?$Local@VContext@v8@@@2@XZ 0000000180002a5d f   node:node.exe
 0001:00001a69       __imp_load_?GetCurrent@Isolate@v8@@SAPEAV12@XZ 0000000180002a69 f   node:node.exe
 0001:00001a75       __imp_load_?CreateHandle@HandleScope@v8@@CAPEAPEAVObject@internal@2@PEAVHeapObject@42@PEAV342@@Z 0000000180002a75 f   node:node.exe
 0001:00001a81       __imp_load_??1HandleScope@v8@@QEAA@XZ 0000000180002a81 f   node:node.exe
 0001:00001a8d       __imp_load_??0HandleScope@v8@@QEAA@PEAVIsolate@1@@Z 0000000180002a8d f   node:node.exe
 0001:00001a99       __imp_load_?New@Array@v8@@SA?AV?$Local@VArray@v8@@@2@PEAVIsolate@2@H@Z 0000000180002a99 f   node:node.exe
 0001:00001aa5       __imp_load_?Length@Array@v8@@QEBAIXZ 0000000180002aa5 f   node:node.exe
 0001:00001ab1       __imp_load_?GetFunction@FunctionTemplate@v8@@QEAA?AV?$MaybeLocal@VFunction@v8@@@2@V?$Local@VContext@v8@@@2@@Z 0000000180002ab1 f   node:node.exe
 0001:00001abd       __imp_load_?New@FunctionTemplate@v8@@SA?AV?$Local@VFunctionTemplate@v8@@@2@PEAVIsolate@2@P6AXAEBV?$FunctionCallbackInfo@VValue@v8@@@2@@ZV?$Local@VValue@v8@@@2@V?$Local@VSignature@v8@@@2@HW4ConstructorBehavior@2@W4SideEffectType@2@@Z 0000000180002abd f   node:node.exe
 0001:00001ac9       __imp_load_?ToLocalEmpty@V8@v8@@CAXXZ 0000000180002ac9 f   node:node.exe
 0001:00001ad5       __imp_load_?NumberValue@Value@v8@@QEBANXZ 0000000180002ad5 f   node:node.exe
 0001:00001ae1       __imp_load_?IsArray@Value@v8@@QEBA_NXZ 0000000180002ae1 f   node:node.exe
 0001:00001aed       __imp_load_?Escape@EscapableHandleScope@v8@@AEAAPEAPEAVObject@internal@2@PEAPEAV342@@Z 0000000180002aed f   node:node.exe
 0001:00001af9       __imp_load_??0EscapableHandleScope@v8@@QEAA@PEAVIsolate@1@@Z 0000000180002af9 f   node:node.exe
 0001:00001b05       __imp_load_?NewFromUtf8@String@v8@@SA?AV?$MaybeLocal@VString@v8@@@2@PEAVIsolate@2@PEBDW4NewStringType@2@H@Z 0000000180002b05 f   node:node.exe
 0001:00001b11       __imp_load_?New@Number@v8@@SA?AV?$Local@VNumber@v8@@@2@PEAVIsolate@2@N@Z 0000000180002b11 f   node:node.exe
 0001:00001b1d       __imp_load_?SlowGetInternalField@Object@v8@@AEAA?AV?$Local@VValue@v8@@@2@H@Z 0000000180002b1d f   node:node.exe
 0001:00001b29       __imp_load_?SetInternalField@Object@v8@@QEAAXHV?$Local@VValue@v8@@@2@@Z 0000000180002b29 f   node:node.exe
 0001:00001b35       __imp_load_?Get@Object@v8@@QEAA?AV?$Local@VValue@v8@@@2@I@Z 0000000180002b35 f   node:node.exe
 0001:00001b41       __imp_load_?Set@Object@v8@@QEAA?AV?$Maybe@_N@2@V?$Local@VContext@v8@@@2@V?$Local@VValue@v8@@@2@1@Z 0000000180002b41 f   node:node.exe
 0001:00001b4d       __imp_load_?Set@Object@v8@@QEAA_NIV?$Local@VValue@v8@@@2@@Z 0000000180002b4d f   node:node.exe
 0001:00001b59       __imp_load_?Set@Object@v8@@QEAA?AV?$Maybe@_N@2@V?$Local@VContext@v8@@@2@IV?$Local@VValue@v8@@@2@@Z 0000000180002b59 f   node:node.exe
 0001:00001b65       __imp_load_?SetInternalFieldCount@ObjectTemplate@v8@@QEAAXH@Z 0000000180002b65 f   node:node.exe
 0001:00001b71       __imp_load_?NewInstance@ObjectTemplate@v8@@QEAA?AV?$MaybeLocal@VObject@v8@@@2@V?$Local@VContext@v8@@@2@@Z 0000000180002b71 f   node:node.exe
 0001:00001b7d       __imp_load_?New@ObjectTemplate@v8@@SA?AV?$Local@VObjectTemplate@v8@@@2@PEAVIsolate@2@V?$Local@VFunctionTemplate@v8@@@2@@Z 0000000180002b7d f   node:node.exe
 0001:00001b89       __imp_load_node_module_register 0000000180002b89 f   node:node.exe
 0001:00001b98       ??0bad_alloc@std@@QEAA@AEBV01@@Z 0000000180002b98 f i libcpmt:xthrow.obj
 0001:00001bd8       ??0bad_alloc@std@@QEAA@XZ  0000000180002bd8 f i libcpmt:xthrow.obj
 0001:00001bf8       ??0exception@std@@QEAA@AEBV01@@Z 0000000180002bf8 f i libcpmt:xthrow.obj
 0001:00001c30       ??0length_error@std@@QEAA@AEBV01@@Z 0000000180002c30 f i libcpmt:xthrow.obj
 0001:00001c70       ??0length_error@std@@QEAA@PEBD@Z 0000000180002c70 f i libcpmt:xthrow.obj
 0001:00001cbc       ??0logic_error@std@@QEAA@AEBV01@@Z 0000000180002cbc f i libcpmt:xthrow.obj
 0001:00001cfc       ??1length_error@std@@UEAA@XZ 0000000180002cfc f i libcpmt:xthrow.obj
 0001:00001cfc       ??1bad_alloc@std@@UEAA@XZ  0000000180002cfc f i libcpmt:xthrow.obj
 0001:00001cfc       ??1bad_array_new_length@std@@UEAA@XZ 0000000180002cfc f i LIBCMT:throw_bad_alloc.obj
 0001:00001d10       ??_Glength_error@std@@UEAAPEAXI@Z 0000000180002d10 f i libcpmt:xthrow.obj
 0001:00001d10       ??_Gbad_alloc@std@@UEAAPEAXI@Z 0000000180002d10 f i libcpmt:xthrow.obj
 0001:00001d10       ??_Gexception@std@@UEAAPEAXI@Z 0000000180002d10 f i libcpmt:xthrow.obj
 0001:00001d10       ??_Ebad_array_new_length@std@@UEAAPEAXI@Z 0000000180002d10 f i LIBCMT:throw_bad_alloc.obj
 0001:00001d10       ??_Glogic_error@std@@UEAAPEAXI@Z 0000000180002d10 f i libcpmt:xthrow.obj
 0001:00001d10       ??_Ebad_alloc@std@@UEAAPEAXI@Z 0000000180002d10 f i libcpmt:xthrow.obj
 0001:00001d10       ??_Eexception@std@@UEAAPEAXI@Z 0000000180002d10 f i libcpmt:xthrow.obj
 0001:00001d10       ??_Gbad_array_new_length@std@@UEAAPEAXI@Z 0000000180002d10 f i LIBCMT:throw_bad_alloc.obj
 0001:00001d10       ??_Elength_error@std@@UEAAPEAXI@Z 0000000180002d10 f i libcpmt:xthrow.obj
 0001:00001d10       ??_Elogic_error@std@@UEAAPEAXI@Z 0000000180002d10 f i libcpmt:xthrow.obj
 0001:00001d54       ?_Xlength_error@std@@YAXPEBD@Z 0000000180002d54 f   libcpmt:xthrow.obj
 0001:00001d78       ?what@exception@std@@UEBAPEBDXZ 0000000180002d78 f i libcpmt:xthrow.obj
 0001:00001da0       __security_check_cookie    0000000180002da0 f   LIBCMT:amdsecgs.obj
 0001:00001dc4       ??2@YAPEAX_K@Z             0000000180002dc4 f   LIBCMT:new_scalar.obj
 0001:00001e00       ??3@YAXPEAX_K@Z            0000000180002e00 f   LIBCMT:delete_scalar_size.obj
 0001:00002138       _DllMainCRTStartup         0000000180003138 f   LIBCMT:dll_dllmain.obj
 0001:00002178       ??_Gtype_info@@UEAAPEAXI@Z 0000000180003178 f i LIBCMT:std_type_info_static.obj
 0001:00002178       ??_Etype_info@@UEAAPEAXI@Z 0000000180003178 f i LIBCMT:std_type_info_static.obj
 0001:000021a4       __raise_securityfailure    00000001800031a4 f   LIBCMT:gs_report.obj
 0001:000021d8       __report_gsfailure         00000001800031d8 f   LIBCMT:gs_report.obj
 0001:000022ac       __report_rangecheckfailure 00000001800032ac f   LIBCMT:gs_report.obj
 0001:000022c0       __report_securityfailure   00000001800032c0 f   LIBCMT:gs_report.obj
 0001:00002440       ??0bad_array_new_length@std@@QEAA@AEBV01@@Z 0000000180003440 f i LIBCMT:throw_bad_alloc.obj
 0001:00002480       ??0bad_array_new_length@std@@QEAA@XZ 0000000180003480 f i LIBCMT:throw_bad_alloc.obj
 0001:000024a0       ?__scrt_throw_std_bad_alloc@@YAXXZ 00000001800034a0 f   LIBCMT:throw_bad_alloc.obj
 0001:000024c0       ?__scrt_throw_std_bad_array_new_length@@YAXXZ 00000001800034c0 f   LIBCMT:throw_bad_alloc.obj
 0001:000024e0       ??3@YAXPEAX@Z              00000001800034e0 f   LIBCMT:delete_scalar.obj
 0001:000024e8       __security_init_cookie     00000001800034e8 f   LIBCMT:gs_support.obj
 0001:00002594       DllMain                    0000000180003594 f   LIBCMT:dll_dllmain_stub.obj
 0001:00002594       _get_startup_argv_mode     0000000180003594 f   LIBCMT:argv_mode.obj
 0001:0000259c       ?__scrt_initialize_type_info@@YAXXZ 000000018000359c f   LIBCMT:tncleanup.obj
 0001:000025ac       ?__scrt_uninitialize_type_info@@YAXXZ 00000001800035ac f   LIBCMT:tncleanup.obj
 0001:000025b8       __local_stdio_printf_options 00000001800035b8 f i LIBCMT:default_local_stdio_options.obj
 0001:000025c0       __local_stdio_scanf_options 00000001800035c0 f i LIBCMT:default_local_stdio_options.obj
 0001:000025c8       __scrt_initialize_default_local_stdio_options 00000001800035c8 f   LIBCMT:default_local_stdio_options.obj
 0001:000025e4       __scrt_acquire_startup_lock 00000001800035e4 f   LIBCMT:utility.obj
 0001:00002620       __scrt_dllmain_after_initialize_c 0000000180003620 f   LIBCMT:utility.obj
 0001:00002654       __scrt_dllmain_before_initialize_c 0000000180003654 f   LIBCMT:utility.obj
 0001:0000266c       __scrt_dllmain_crt_thread_attach 000000018000366c f   LIBCMT:utility.obj
 0001:00002694       __scrt_dllmain_crt_thread_detach 0000000180003694 f   LIBCMT:utility.obj
 0001:000026ac       __scrt_dllmain_exception_filter 00000001800036ac f   LIBCMT:utility.obj
 0001:0000270c       __scrt_dllmain_uninitialize_c 000000018000370c f   LIBCMT:utility.obj
 0001:0000273c       __scrt_dllmain_uninitialize_critical 000000018000373c f   LIBCMT:utility.obj
 0001:00002750       __scrt_initialize_crt      0000000180003750 f   LIBCMT:utility.obj
 0001:0000279c       __scrt_initialize_onexit_tables 000000018000379c f   LIBCMT:utility.obj
 0001:00002874       __scrt_is_nonwritable_in_current_image 0000000180003874 f   LIBCMT:utility.obj
 0001:00002910       __scrt_release_startup_lock 0000000180003910 f   LIBCMT:utility.obj
 0001:00002934       __scrt_uninitialize_crt    0000000180003934 f   LIBCMT:utility.obj
 0001:00002960       __scrt_get_dyn_tls_init_callback 0000000180003960 f   LIBCMT:dyn_tls_init.obj
 0001:00002968       __crt_debugger_hook        0000000180003968 f   LIBCMT:utility_desktop.obj
 0001:00002970       __scrt_fastfail            0000000180003970 f   LIBCMT:utility_desktop.obj
 0001:00002abc       _RTC_Initialize            0000000180003abc f   LIBCMT:initsect.obj
 0001:00002af8       _RTC_Terminate             0000000180003af8 f   LIBCMT:initsect.obj
 0001:00002b34       _guard_check_icall_nop     0000000180003b34 f i LIBCMT:guard_support.obj
 0001:00002b38       __isa_available_init       0000000180003b38 f   LIBCMT:cpu_disp.obj
 0001:00002cf4       __scrt_is_ucrt_dll_in_use  0000000180003cf4 f   LIBCMT:ucrt_detection.obj
 0001:00002d00       __std_exception_copy       0000000180003d00 f   libvcruntime:std_exception.obj
 0001:00002d90       __std_exception_destroy    0000000180003d90 f   libvcruntime:std_exception.obj
 0001:00002db8       _CxxThrowException         0000000180003db8 f   libvcruntime:throw.obj
 0001:00002e78       __C_specific_handler       0000000180003e78 f   libvcruntime:riscchandler.obj
 0001:00003084       __std_type_info_destroy_list 0000000180004084 f   libvcruntime:std_type_info.obj
 0001:000030b0       __vcrt_initialize          00000001800040b0 f   libvcruntime:initialization.obj
 0001:000030e4       __vcrt_thread_attach       00000001800040e4 f   libvcruntime:initialization.obj
 0001:000030f8       __vcrt_thread_detach       00000001800040f8 f   libvcruntime:initialization.obj
 0001:0000310c       __vcrt_uninitialize        000000018000410c f   libvcruntime:initialization.obj
 0001:0000312c       __vcrt_uninitialize_critical 000000018000412c f   libvcruntime:initialization.obj
 0001:00003150       memset_repmovs             0000000180004150 f   libvcruntime:memset.obj
 0001:00003170       memset                     0000000180004170 f   libvcruntime:memset.obj
 0001:00003310       _NLG_Notify                0000000180004310 f   libvcruntime:notify.obj
 0001:00003330       __NLG_Dispatch2            0000000180004330 f   libvcruntime:notify.obj
 0001:00003340       __NLG_Return2              0000000180004340 f   libvcruntime:notify.obj
 0001:00003344       __except_validate_context_record 0000000180004344 f   libvcruntime:jbcxrval.obj
 0001:0000337c       __DestructExceptionObject  000000018000437c f   libvcruntime:ehhelpers.obj
 0001:000033f0       ?_CallMemberFunction0@@YAXQEAX0@Z 00000001800043f0 f i libvcruntime:ehhelpers.obj
 0001:000033f4       __vcrt_freefls             00000001800043f4 f   libvcruntime:per_thread_data.obj
 0001:00003414       __vcrt_freeptd             0000000180004414 f   libvcruntime:per_thread_data.obj
 0001:00003464       __vcrt_getptd_noexit       0000000180004464 f   libvcruntime:per_thread_data.obj
 0001:00003530       __vcrt_initialize_ptd      0000000180004530 f   libvcruntime:per_thread_data.obj
 0001:00003584       __vcrt_uninitialize_ptd    0000000180004584 f   libvcruntime:per_thread_data.obj
 0001:000035a8       __vcrt_initialize_locks    00000001800045a8 f   libvcruntime:locks.obj
 0001:000035f0       __vcrt_uninitialize_locks  00000001800045f0 f   libvcruntime:locks.obj
 0001:00003800       __vcrt_FlsAlloc            0000000180004800 f   libvcruntime:winapi_downlevel.obj
 0001:00003848       __vcrt_FlsFree             0000000180004848 f   libvcruntime:winapi_downlevel.obj
 0001:00003890       __vcrt_FlsGetValue         0000000180004890 f   libvcruntime:winapi_downlevel.obj
 0001:000038d8       __vcrt_FlsSetValue         00000001800048d8 f   libvcruntime:winapi_downlevel.obj
 0001:0000392c       __vcrt_InitializeCriticalSectionEx 000000018000492c f   libvcruntime:winapi_downlevel.obj
 0001:00003990       __vcrt_initialize_winapi_thunks 0000000180004990 f   libvcruntime:winapi_downlevel.obj
 0001:000039c0       __vcrt_uninitialize_winapi_thunks 00000001800049c0 f   libvcruntime:winapi_downlevel.obj
 0001:00003a00       __vcrt_initialize_pure_virtual_call_handler 0000000180004a00 f   libvcruntime:purevirt_data.obj
 0001:00003a20       memcpy_repmovs             0000000180004a20 f   libvcruntime:memcpy.obj
 0001:00003a40       memcpy                     0000000180004a40 f   libvcruntime:memcpy.obj
 0001:00003a40       memmove                    0000000180004a40 f   libvcruntime:memcpy.obj
 0001:00003e90       _CallSettingFrame          0000000180004e90 f   libvcruntime:handlers.obj
 0001:00003ee0       _CallSettingFrameEncoded   0000000180004ee0 f   libvcruntime:handlers.obj
 0001:00003f28       __acrt_call_reportfault    0000000180004f28 f   libucrt:invalid_parameter.obj
 0001:00004084       __acrt_initialize_invalid_parameter_handler 0000000180005084 f   libucrt:invalid_parameter.obj
 0001:0000408c       _invalid_parameter         000000018000508c f   libucrt:invalid_parameter.obj
 0001:0000413c       _invalid_parameter_noinfo  000000018000513c f   libucrt:invalid_parameter.obj
 0001:0000415c       _invalid_parameter_noinfo_noreturn 000000018000515c f   libucrt:invalid_parameter.obj
 0001:0000418c       _invoke_watson             000000018000518c f   libucrt:invalid_parameter.obj
 0001:000041d4       ??0_LocaleUpdate@@QEAA@QEAU__crt_locale_pointers@@@Z 00000001800051d4 f i libucrt:stricmp.obj
 0001:00004270       __ascii_stricmp            0000000180005270 f   libucrt:stricmp.obj
 0001:000042b0       _stricmp                   00000001800052b0 f   libucrt:stricmp.obj
 0001:000042f8       _stricmp_l                 00000001800052f8 f   libucrt:stricmp.obj
 0001:000043ac       __acrt_initialize_new_handler 00000001800053ac f   libucrt:new_handler.obj
 0001:000043b4       _callnewh                  00000001800053b4 f   libucrt:new_handler.obj
 0001:000043e4       _query_new_handler         00000001800053e4 f   libucrt:new_handler.obj
 0001:00004418       malloc                     0000000180005418 f   libucrt:malloc.obj
 0001:00004420       _initterm                  0000000180005420 f   libucrt:initterm.obj
 0001:00004484       _initterm_e                0000000180005484 f   libucrt:initterm.obj
 0001:000044c4       free                       00000001800054c4 f   libucrt:free.obj
 0001:000044d8       _seh_filter_dll            00000001800054d8 f   libucrt:exception_filter.obj
 0001:000044ec       _seh_filter_exe            00000001800054ec f   libucrt:exception_filter.obj
 0001:000048dc       __acrt_initialize_thread_local_exit_callback 00000001800058dc f   libucrt:exit.obj
 0001:000048e4       _cexit                     00000001800058e4 f   libucrt:exit.obj
 0001:000048f4       _exit                      00000001800058f4 f   libucrt:exit.obj
 0001:00004900       _is_c_termination_complete 0000000180005900 f   libucrt:exit.obj
 0001:00004acc       __acrt_allocate_buffer_for_argv 0000000180005acc f   libucrt:argv_parsing.obj
 0001:00004b2c       _configure_narrow_argv     0000000180005b2c f   libucrt:argv_parsing.obj
 0001:00004ea4       __dcrt_uninitialize_environments_nolock 0000000180005ea4 f   libucrt:environment_initialization.obj
 0001:00004edc       _initialize_narrow_environment 0000000180005edc f   libucrt:environment_initialization.obj
 0001:00005038       _execute_onexit_table      0000000180006038 f   libucrt:onexit.obj
 0001:00005074       _initialize_onexit_table   0000000180006074 f   libucrt:onexit.obj
 0001:000050d4       __acrt_uninitialize_command_line 00000001800060d4 f   libucrt:argv_data.obj
 0001:000051cc       __acrt_initialize          00000001800061cc f   libucrt:initialization.obj
 0001:000051e0       __acrt_thread_attach       00000001800061e0 f   libucrt:initialization.obj
 0001:000051f4       __acrt_thread_detach       00000001800061f4 f   libucrt:initialization.obj
 0001:00005204       __acrt_uninitialize        0000000180006204 f   libucrt:initialization.obj
 0001:0000523c       __acrt_uninitialize_critical 000000018000623c f   libucrt:initialization.obj
 0001:0000524c       terminate                  000000018000624c f   libucrt:terminate.obj
 0001:0000526c       strcpy_s                   000000018000626c f   libucrt:strcpy_s.obj
 0001:000052e0       strncmp                    00000001800062e0 f   libucrt:strncmp.obj
 0001:00005360       abort                      0000000180006360 f   libucrt:abort.obj
 0001:000053b8       calloc                     00000001800063b8 f   libucrt:calloc.obj
 0001:000053c0       wcsncmp                    00000001800063c0 f   libucrt:wcsncmp.obj
 0001:00005764       __acrt_freeptd             0000000180006764 f   libucrt:per_thread_data.obj
 0001:000057a8       __acrt_getptd              00000001800067a8 f   libucrt:per_thread_data.obj
 0001:0000587c       __acrt_getptd_head         000000018000687c f   libucrt:per_thread_data.obj
 0001:00005924       __acrt_getptd_noexit       0000000180006924 f   libucrt:per_thread_data.obj
 0001:000059f0       __acrt_initialize_ptd      00000001800069f0 f   libucrt:per_thread_data.obj
 0001:00005a2c       __acrt_uninitialize_ptd    0000000180006a2c f   libucrt:per_thread_data.obj
 0001:00005ab0       _tolower_l                 0000000180006ab0 f   libucrt:tolower_toupper.obj
 0001:00005bf0       __acrt_errno_from_os_error 0000000180006bf0 f   libucrt:errno.obj
 0001:00005c38       __acrt_errno_map_os_error  0000000180006c38 f   libucrt:errno.obj
 0001:00005c88       __doserrno                 0000000180006c88 f   libucrt:errno.obj
 0001:00005ca8       _errno                     0000000180006ca8 f   libucrt:errno.obj
 0001:00005cc8       __acrt_update_locale_info  0000000180006cc8 f   libucrt:locale_update.obj
 0001:00005cfc       __acrt_update_multibyte_info 0000000180006cfc f   libucrt:locale_update.obj
 0001:00005da0       __acrt_set_locale_changed  0000000180006da0 f   libucrt:wsetlocale.obj
 0001:00005dac       __acrt_uninitialize_locale 0000000180006dac f   libucrt:wsetlocale.obj
 0001:00005ddc       __acrt_initialize_locks    0000000180006ddc f   libucrt:locks.obj
 0001:00005e24       __acrt_lock                0000000180006e24 f   libucrt:locks.obj
 0001:00005e40       __acrt_uninitialize_locks  0000000180006e40 f   libucrt:locks.obj
 0001:00005e78       __acrt_unlock              0000000180006e78 f   libucrt:locks.obj
 0001:00005e94       _malloc_base               0000000180006e94 f   libucrt:malloc_base.obj
 0001:00005ef4       _free_base                 0000000180006ef4 f   libucrt:free_base.obj
 0001:00005f34       __acrt_get_process_end_policy 0000000180006f34 f   libucrt:win_policies.obj
 0001:00005f70       _calloc_base               0000000180006f70 f   libucrt:calloc_base.obj
 0001:00005ffc       ??$__acrt_mbs_to_wcs_cp@U__crt_win32_buffer_internal_dynamic_resizing@@@@YAHQEBDAEAV?$__crt_win32_buffer@_WU__crt_win32_buffer_internal_dynamic_resizing@@@@I@Z 0000000180006ffc f i libucrt:argv_wildcards.obj
 0001:00006174       ??$__acrt_wcs_to_mbs_cp@U__crt_win32_buffer_internal_dynamic_resizing@@@@YAHQEB_WAEAV?$__crt_win32_buffer@DU__crt_win32_buffer_internal_dynamic_resizing@@@@I@Z 0000000180007174 f i libucrt:argv_wildcards.obj
 0001:000069a4       __acrt_expand_narrow_argv_wildcards 00000001800079a4 f   libucrt:argv_wildcards.obj
 0001:000069ac       ??$__acrt_wcs_to_mbs_cp@U__crt_win32_buffer_no_resizing@@@@YAHQEB_WAEAV?$__crt_win32_buffer@DU__crt_win32_buffer_no_resizing@@@@I@Z 00000001800079ac f i libucrt:getmodulefilenamea.obj
 0001:00006ac0       __acrt_GetModuleFileNameA  0000000180007ac0 f   libucrt:getmodulefilenamea.obj
 0001:0000730c       __acrt_initialize_multibyte 000000018000830c f   libucrt:mbctype.obj
 0001:0000736c       __acrt_update_thread_multibyte_data 000000018000836c f   libucrt:mbctype.obj
 0001:00007388       _setmbcp_nolock            0000000180008388 f   libucrt:mbctype.obj
 0001:000076bc       _ismbblead                 00000001800086bc f   libucrt:ismbbyte.obj
 0001:000076d0       __acrt_initialize_command_line 00000001800086d0 f   libucrt:argv_data.obj
 0001:000076f8       __acrt_MultiByteToWideChar 00000001800086f8 f   libucrt:multibytetowidechar.obj
 0001:00007754       __acrt_WideCharToMultiByte 0000000180008754 f   libucrt:widechartomultibyte.obj
 0001:000077ec       __dcrt_get_narrow_environment_from_os 00000001800087ec f   libucrt:get_environment_from_os.obj
 0001:000078f0       _recalloc_base             00000001800088f0 f   libucrt:recalloc.obj
 0001:00007b60       __acrt_AppPolicyGetProcessTerminationMethodInternal 0000000180008b60 f   libucrt:winapi_thunks.obj
 0001:00007bb0       __acrt_AreFileApisANSI     0000000180008bb0 f   libucrt:winapi_thunks.obj
 0001:00007bec       __acrt_FlsAlloc            0000000180008bec f   libucrt:winapi_thunks.obj
 0001:00007c34       __acrt_FlsFree             0000000180008c34 f   libucrt:winapi_thunks.obj
 0001:00007c7c       __acrt_FlsGetValue         0000000180008c7c f   libucrt:winapi_thunks.obj
 0001:00007cc4       __acrt_FlsSetValue         0000000180008cc4 f   libucrt:winapi_thunks.obj
 0001:00007d18       __acrt_InitializeCriticalSectionEx 0000000180008d18 f   libucrt:winapi_thunks.obj
 0001:00007d7c       __acrt_LCMapStringEx       0000000180008d7c f   libucrt:winapi_thunks.obj
 0001:00007e58       __acrt_LocaleNameToLCID    0000000180008e58 f   libucrt:winapi_thunks.obj
 0001:00007ea8       __acrt_initialize_winapi_thunks 0000000180008ea8 f   libucrt:winapi_thunks.obj
 0001:00007edc       __acrt_uninitialize_winapi_thunks 0000000180008edc f   libucrt:winapi_thunks.obj
 0001:00007f20       __acrt_initialize_heap     0000000180008f20 f   libucrt:heap_handle.obj
 0001:00007f3c       __acrt_uninitialize_heap   0000000180008f3c f   libucrt:heap_handle.obj
 0001:00008144       __acrt_initialize_lowio    0000000180009144 f   libucrt:ioinit.obj
 0001:00008180       __acrt_uninitialize_lowio  0000000180009180 f   libucrt:ioinit.obj
 0001:000081c0       __acrt_execute_initializers 00000001800091c0 f   libucrt:shared_initialization.obj
 0001:00008240       __acrt_execute_uninitializers 0000000180009240 f   libucrt:shared_initialization.obj
 0001:000082c4       __acrt_get_sigabrt_handler 00000001800092c4 f   libucrt:signal.obj
 0001:000082f4       __acrt_initialize_signal_handlers 00000001800092f4 f   libucrt:signal.obj
 0001:00008314       raise                      0000000180009314 f   libucrt:signal.obj
 0001:00008580       __acrt_has_user_matherr    0000000180009580 f   libucrt:matherr.obj
 0001:000085a0       __acrt_initialize_user_matherr 00000001800095a0 f   libucrt:matherr.obj
 0001:000085a8       __acrt_invoke_user_matherr 00000001800095a8 f   libucrt:matherr.obj
 0001:000087b4       __acrt_stdio_flush_nolock  00000001800097b4 f   libucrt:fflush.obj
 0001:00008830       _fflush_nolock             0000000180009830 f   libucrt:fflush.obj
 0001:0000887c       _flushall                  000000018000987c f   libucrt:fflush.obj
 0001:00008884       __acrt_initialize_stdio    0000000180009884 f   libucrt:_file.obj
 0001:000089a4       __acrt_uninitialize_stdio  00000001800099a4 f   libucrt:_file.obj
 0001:00008a00       _lock_file                 0000000180009a00 f   libucrt:_file.obj
 0001:00008a0c       _unlock_file               0000000180009a0c f   libucrt:_file.obj
 0001:00008a18       _mbtowc_l                  0000000180009a18 f   libucrt:mbtowc.obj
 0001:00008b94       mbtowc                     0000000180009b94 f   libucrt:mbtowc.obj
 0001:00008b9c       _fileno                    0000000180009b9c f   libucrt:fileno.obj
 0001:00008bc4       __pctype_func              0000000180009bc4 f   libucrt:ctype.obj
 0001:00008bf4       _isctype_l                 0000000180009bf4 f   libucrt:isctype.obj
 0001:00008d04       __acrt_add_locale_ref      0000000180009d04 f   libucrt:locale_refcounting.obj
 0001:00008d90       __acrt_free_locale         0000000180009d90 f   libucrt:locale_refcounting.obj
 0001:00008f08       __acrt_locale_add_lc_time_reference 0000000180009f08 f   libucrt:locale_refcounting.obj
 0001:00008f30       __acrt_locale_free_lc_time_if_unreferenced 0000000180009f30 f   libucrt:locale_refcounting.obj
 0001:00008f68       __acrt_locale_release_lc_time_reference 0000000180009f68 f   libucrt:locale_refcounting.obj
 0001:00008f90       __acrt_release_locale_ref  0000000180009f90 f   libucrt:locale_refcounting.obj
 0001:00009038       __acrt_update_thread_locale_data 000000018000a038 f   libucrt:locale_refcounting.obj
 0001:000090a8       _updatetlocinfoEx_nolock   000000018000a0a8 f   libucrt:locale_refcounting.obj
 0001:00009110       _isleadbyte_l              000000018000a110 f i libucrt:_wctype.obj
 0001:00009474       __acrt_LCMapStringA        000000018000a474 f   libucrt:lcmapstringa.obj
 0001:0000950c       __acrt_locale_free_monetary 000000018000a50c f   libucrt:initmon.obj
 0001:00009618       __acrt_locale_free_numeric 000000018000a618 f   libucrt:initnum.obj
 0001:000096dc       __acrt_locale_free_time    000000018000a6dc f   libucrt:inittime.obj
 0001:000097e4       __acrt_GetStringTypeA      000000018000a7e4 f   libucrt:getstringtypea.obj
 0001:00009974       _query_new_mode            000000018000a974 f   libucrt:new_mode.obj
 0001:00009980       qsort                      000000018000a980 f   libucrt:qsort.obj
 0001:00009d40       strncpy_s                  000000018000ad40 f   libucrt:strncpy_s.obj
 0001:00009ec0       strpbrk                    000000018000aec0 f   libucrt:strpbrk.obj
 0001:0000a2a0       _mbsdec                    000000018000b2a0 f   libucrt:mbsdec.obj
 0001:0000a2a8       _mbsdec_l                  000000018000b2a8 f   libucrt:mbsdec.obj
 0001:0000a354       _msize_base                000000018000b354 f   libucrt:msize.obj
 0001:0000a390       _realloc_base              000000018000b390 f   libucrt:realloc_base.obj
 0001:0000a4f4       __acrt_DownlevelLocaleNameToLCID 000000018000b4f4 f   libucrt:lcidtoname_downlevel.obj
 0001:0000a528       __acrt_lowio_create_handle_array 000000018000b528 f   libucrt:osfinfo.obj
 0001:0000a5d0       __acrt_lowio_destroy_handle_array 000000018000b5d0 f   libucrt:osfinfo.obj
 0001:0000a620       __acrt_lowio_ensure_fh_exists 000000018000b620 f   libucrt:osfinfo.obj
 0001:0000a6c8       __acrt_lowio_lock_fh       000000018000b6c8 f   libucrt:osfinfo.obj
 0001:0000a6f0       __acrt_lowio_unlock_fh     000000018000b6f0 f   libucrt:osfinfo.obj
 0001:0000a718       _free_osfhnd               000000018000b718 f   libucrt:osfinfo.obj
 0001:0000a7d4       _get_osfhandle             000000018000b7d4 f   libucrt:osfinfo.obj
 0001:0000a8d8       _commit                    000000018000b8d8 f   libucrt:commit.obj
 0001:0000b1d8       _write                     000000018000c1d8 f   libucrt:write.obj
 0001:0000b2c4       _write_nolock              000000018000c2c4 f   libucrt:write.obj
 0001:0000b5a0       _fcloseall                 000000018000c5a0 f   libucrt:closeall.obj
 0001:0000b654       __acrt_stdio_free_buffer_nolock 000000018000c654 f   libucrt:_freebuf.obj
 0001:0000b694       _isatty                    000000018000c694 f   libucrt:isatty.obj
 0001:0000b6f4       ?__mbrtowc_utf8@__crt_mbstring@@YA_KPEA_WPEBD_KPEAU_Mbstatet@@@Z 000000018000c6f4 f   libucrt:mbrtowc.obj
 0001:0000b730       ?__mbsrtowcs_utf8@__crt_mbstring@@YA_KPEA_WPEAPEBD_KPEAU_Mbstatet@@@Z 000000018000c730 f   libucrt:mbrtowc.obj
 0001:0000b8a8       __strncnt                  000000018000c8a8 f   libucrt:strncnt.obj
 0001:0000b8c0       _query_app_type            000000018000c8c0 f   libucrt:report_runtime_error.obj
 0001:0000b964       _lseeki64_nolock           000000018000c964 f   libucrt:lseek.obj
 0001:0000b96c       _putwch_nolock             000000018000c96c f   libucrt:putwch.obj
 0001:0000b9a8       _fclose_nolock             000000018000c9a8 f   libucrt:fclose.obj
 0001:0000ba2c       fclose                     000000018000ca2c f   libucrt:fclose.obj
 0001:0000ba90       ?__mbrtoc32_utf8@__crt_mbstring@@YA_KPEA_UPEBD_KPEAU_Mbstatet@@@Z 000000018000ca90 f   libucrt:mbrtoc32.obj
 0001:0000bc70       log10                      000000018000cc70 f   libucrt:log10.obj
 0001:0000c21c       __dcrt_lowio_ensure_console_output_initialized 000000018000d21c f   libucrt:initcon.obj
 0001:0000c270       __dcrt_terminate_console_output 000000018000d270 f   libucrt:initcon.obj
 0001:0000c28c       __dcrt_write_console       000000018000d28c f   libucrt:initcon.obj
 0001:0000c3c0       _close                     000000018000d3c0 f   libucrt:close.obj
 0001:0000c464       _close_nolock              000000018000d464 f   libucrt:close.obj
 0001:0000c524       ?__acrt_stdio_free_stream@@YAXV__crt_stdio_stream@@@Z 000000018000d524 f   libucrt:stream.obj
 0001:0000c664       _handle_error              000000018000d664 f   libucrt:libm_error.obj
 0001:0000c790       __acrt_initialize_fma3     000000018000d790 f   libucrt:fma3_available.obj
 0001:0000c800       _log10_special             000000018000d800 f   libucrt:log_special.obj
 0001:0000c8d0       _get_fpsr                  000000018000d8d0 f   libucrt:fpsr.obj
 0001:0000c8e0       _set_fpsr                  000000018000d8e0 f   libucrt:fpsr.obj
 0001:0000c8ea       _fclrf                     000000018000d8ea f   libucrt:fpsr.obj
 0001:0000c8fe       _frnd                      000000018000d8fe f   libucrt:fpsr.obj
 0001:0000c920       _raise_exc                 000000018000d920 f   libucrt:fpexcept.obj
 0001:0000c948       _raise_exc_ex              000000018000d948 f   libucrt:fpexcept.obj
 0001:0000cc58       _set_errno_from_matherr    000000018000dc58 f   libucrt:fpexcept.obj
 0001:0000cc88       _clrfp                     000000018000dc88 f   libucrt:fpctrl.obj
 0001:0000cca8       _ctrlfp                    000000018000dca8 f   libucrt:fpctrl.obj
 0001:0000cd24       _set_statfp                000000018000dd24 f   libucrt:fpctrl.obj
 0001:0000cd44       _statfp                    000000018000dd44 f   libucrt:fpctrl.obj
 0001:0000cd55       IsProcessorFeaturePresent  000000018000dd55 f   kernel32:KERNEL32.dll
 0001:0000cd5c       ?DloadAcquireSectionWriteAccess@@YAXXZ 000000018000dd5c f i DelayImp:delayhlp.obj
 0001:0000ce08       ?DloadGetSRWLockFunctionPointers@@YAEXZ 000000018000de08 f i DelayImp:delayhlp.obj
 0001:0000cea4       ?DloadMakePermanentImageCommit@@YAXPEAX_K@Z 000000018000dea4 f i DelayImp:delayhlp.obj
 0001:0000cf3c       ?DloadObtainSection@@YAPEAXPEAK0@Z 000000018000df3c f i DelayImp:delayhlp.obj
 0001:0000cfd8       ?DloadProtectSection@@YAXKPEAK@Z 000000018000dfd8 f i DelayImp:delayhlp.obj
 0001:0000d068       ?DloadReleaseSectionWriteAccess@@YAXXZ 000000018000e068 f i DelayImp:delayhlp.obj
 0001:0000d0fc       __delayLoadHelper2         000000018000e0fc f   DelayImp:delayhlp.obj
 0001:0000d3c0       _FindPESection             000000018000e3c0 f   LIBCMT:pesect.obj
 0001:0000d410       _IsNonwritableInCurrentImage 000000018000e410 f   LIBCMT:pesect.obj
 0001:0000d460       _ValidateImageBase         000000018000e460 f   LIBCMT:pesect.obj
 0001:0000d490       __GSHandlerCheck           000000018000e490 f   LIBCMT:gshandler.obj
 0001:0000d4b0       __GSHandlerCheckCommon     000000018000e4b0 f   LIBCMT:gshandler.obj
 0001:0000d520       __chkstk                   000000018000e520 f   LIBCMT:chkstk.obj
 0001:0000d520       _alloca_probe              000000018000e520 f   LIBCMT:chkstk.obj
 0001:0000d590       memcmp                     000000018000e590 f   libvcruntime:memcmp.obj
 0001:0000d670       _guard_dispatch_icall_nop  000000018000e670 f   LIBCMT:guard_dispatch.obj
 0002:00000000       __imp_GetModuleHandleA     000000018000f000     kernel32:KERNEL32.dll
 0002:00000008       __imp_LoadLibraryExA       000000018000f008     kernel32:KERNEL32.dll
 0002:00000010       __imp_RtlCaptureContext    000000018000f010     kernel32:KERNEL32.dll
 0002:00000018       __imp_RtlLookupFunctionEntry 000000018000f018     kernel32:KERNEL32.dll
 0002:00000020       __imp_RtlVirtualUnwind     000000018000f020     kernel32:KERNEL32.dll
 0002:00000028       __imp_UnhandledExceptionFilter 000000018000f028     kernel32:KERNEL32.dll
 0002:00000030       __imp_SetUnhandledExceptionFilter 000000018000f030     kernel32:KERNEL32.dll
 0002:00000038       __imp_GetCurrentProcess    000000018000f038     kernel32:KERNEL32.dll
 0002:00000040       __imp_TerminateProcess     000000018000f040     kernel32:KERNEL32.dll
 0002:00000048       __imp_IsProcessorFeaturePresent 000000018000f048     kernel32:KERNEL32.dll
 0002:00000050       __imp_QueryPerformanceCounter 000000018000f050     kernel32:KERNEL32.dll
 0002:00000058       __imp_GetCurrentProcessId  000000018000f058     kernel32:KERNEL32.dll
 0002:00000060       __imp_GetCurrentThreadId   000000018000f060     kernel32:KERNEL32.dll
 0002:00000068       __imp_GetSystemTimeAsFileTime 000000018000f068     kernel32:KERNEL32.dll
 0002:00000070       __imp_InitializeSListHead  000000018000f070     kernel32:KERNEL32.dll
 0002:00000078       __imp_IsDebuggerPresent    000000018000f078     kernel32:KERNEL32.dll
 0002:00000080       __imp_GetStartupInfoW      000000018000f080     kernel32:KERNEL32.dll
 0002:00000088       __imp_GetModuleHandleW     000000018000f088     kernel32:KERNEL32.dll
 0002:00000090       __imp_RtlPcToFileHeader    000000018000f090     kernel32:KERNEL32.dll
 0002:00000098       __imp_RaiseException       000000018000f098     kernel32:KERNEL32.dll
 0002:000000a0       __imp_RtlUnwindEx          000000018000f0a0     kernel32:KERNEL32.dll
 0002:000000a8       __imp_InterlockedFlushSList 000000018000f0a8     kernel32:KERNEL32.dll
 0002:000000b0       __imp_GetLastError         000000018000f0b0     kernel32:KERNEL32.dll
 0002:000000b8       __imp_SetLastError         000000018000f0b8     kernel32:KERNEL32.dll
 0002:000000c0       __imp_EnterCriticalSection 000000018000f0c0     kernel32:KERNEL32.dll
 0002:000000c8       __imp_LeaveCriticalSection 000000018000f0c8     kernel32:KERNEL32.dll
 0002:000000d0       __imp_DeleteCriticalSection 000000018000f0d0     kernel32:KERNEL32.dll
 0002:000000d8       __imp_InitializeCriticalSectionAndSpinCount 000000018000f0d8     kernel32:KERNEL32.dll
 0002:000000e0       __imp_TlsAlloc             000000018000f0e0     kernel32:KERNEL32.dll
 0002:000000e8       __imp_TlsGetValue          000000018000f0e8     kernel32:KERNEL32.dll
 0002:000000f0       __imp_TlsSetValue          000000018000f0f0     kernel32:KERNEL32.dll
 0002:000000f8       __imp_TlsFree              000000018000f0f8     kernel32:KERNEL32.dll
 0002:00000100       __imp_FreeLibrary          000000018000f100     kernel32:KERNEL32.dll
 0002:00000108       __imp_GetProcAddress       000000018000f108     kernel32:KERNEL32.dll
 0002:00000110       __imp_LoadLibraryExW       000000018000f110     kernel32:KERNEL32.dll
 0002:00000118       __imp_ExitProcess          000000018000f118     kernel32:KERNEL32.dll
 0002:00000120       __imp_GetModuleHandleExW   000000018000f120     kernel32:KERNEL32.dll
 0002:00000128       __imp_GetModuleFileNameW   000000018000f128     kernel32:KERNEL32.dll
 0002:00000130       __imp_HeapAlloc            000000018000f130     kernel32:KERNEL32.dll
 0002:00000138       __imp_HeapFree             000000018000f138     kernel32:KERNEL32.dll
 0002:00000140       __imp_FindClose            000000018000f140     kernel32:KERNEL32.dll
 0002:00000148       __imp_FindFirstFileExW     000000018000f148     kernel32:KERNEL32.dll
 0002:00000150       __imp_FindNextFileW        000000018000f150     kernel32:KERNEL32.dll
 0002:00000158       __imp_IsValidCodePage      000000018000f158     kernel32:KERNEL32.dll
 0002:00000160       __imp_GetACP               000000018000f160     kernel32:KERNEL32.dll
 0002:00000168       __imp_GetOEMCP             000000018000f168     kernel32:KERNEL32.dll
 0002:00000170       __imp_GetCPInfo            000000018000f170     kernel32:KERNEL32.dll
 0002:00000178       __imp_GetCommandLineA      000000018000f178     kernel32:KERNEL32.dll
 0002:00000180       __imp_GetCommandLineW      000000018000f180     kernel32:KERNEL32.dll
 0002:00000188       __imp_MultiByteToWideChar  000000018000f188     kernel32:KERNEL32.dll
 0002:00000190       __imp_WideCharToMultiByte  000000018000f190     kernel32:KERNEL32.dll
 0002:00000198       __imp_GetEnvironmentStringsW 000000018000f198     kernel32:KERNEL32.dll
 0002:000001a0       __imp_FreeEnvironmentStringsW 000000018000f1a0     kernel32:KERNEL32.dll
 0002:000001a8       __imp_LCMapStringW         000000018000f1a8     kernel32:KERNEL32.dll
 0002:000001b0       __imp_GetProcessHeap       000000018000f1b0     kernel32:KERNEL32.dll
 0002:000001b8       __imp_GetStdHandle         000000018000f1b8     kernel32:KERNEL32.dll
 0002:000001c0       __imp_GetFileType          000000018000f1c0     kernel32:KERNEL32.dll
 0002:000001c8       __imp_GetStringTypeW       000000018000f1c8     kernel32:KERNEL32.dll
 0002:000001d0       __imp_HeapSize             000000018000f1d0     kernel32:KERNEL32.dll
 0002:000001d8       __imp_HeapReAlloc          000000018000f1d8     kernel32:KERNEL32.dll
 0002:000001e0       __imp_SetStdHandle         000000018000f1e0     kernel32:KERNEL32.dll
 0002:000001e8       __imp_FlushFileBuffers     000000018000f1e8     kernel32:KERNEL32.dll
 0002:000001f0       __imp_WriteFile            000000018000f1f0     kernel32:KERNEL32.dll
 0002:000001f8       __imp_GetConsoleCP         000000018000f1f8     kernel32:KERNEL32.dll
 0002:00000200       __imp_GetConsoleMode       000000018000f200     kernel32:KERNEL32.dll
 0002:00000208       __imp_SetFilePointerEx     000000018000f208     kernel32:KERNEL32.dll
 0002:00000210       __imp_CreateFileW          000000018000f210     kernel32:KERNEL32.dll
 0002:00000218       __imp_CloseHandle          000000018000f218     kernel32:KERNEL32.dll
 0002:00000220       __imp_WriteConsoleW        000000018000f220     kernel32:KERNEL32.dll
 0002:00000228       __imp_GetSystemInfo        000000018000f228     kernel32:KERNEL32.dll
 0002:00000230       __imp_VirtualProtect       000000018000f230     kernel32:KERNEL32.dll
 0002:00000238       __imp_VirtualQuery         000000018000f238     kernel32:KERNEL32.dll
 0002:00000240       \177KERNEL32_NULL_THUNK_DATA 000000018000f240     kernel32:KERNEL32.dll
 0002:00000248       __guard_check_icall_fptr   000000018000f248     LIBCMT:guard_support.obj
 0002:00000250       __guard_dispatch_icall_fptr 000000018000f250     LIBCMT:guard_support.obj
 0002:00000258       __xc_a                     000000018000f258     LIBCMT:initializers.obj
 0002:00000260       _register_addon_           000000018000f260     main.obj
 0002:00000268       __xc_z                     000000018000f268     LIBCMT:initializers.obj
 0002:00000270       __xi_a                     000000018000f270     LIBCMT:initializers.obj
 0002:00000278       __acrt_multibyte_initializer 000000018000f278     libucrt:multibyte_initializer.obj
 0002:00000280       __acrt_stdio_initializer   000000018000f280     libucrt:stdio_initializer.obj
 0002:00000288       __acrt_tran_fma3_initializer 000000018000f288     libucrt:fma3_initializer.obj
 0002:00000290       __xi_z                     000000018000f290     LIBCMT:initializers.obj
 0002:00000298       __xp_a                     000000018000f298     LIBCMT:initializers.obj
 0002:000002a0       __acrt_locale_terminator   000000018000f2a0     libucrt:locale_initializer.obj
 0002:000002a8       __dcrt_console_output_terminator 000000018000f2a8     libucrt:console_output_initializer.obj
 0002:000002b0       __acrt_stdio_terminator    000000018000f2b0     libucrt:stdio_initializer.obj
 0002:000002b8       __xp_z                     000000018000f2b8     LIBCMT:initializers.obj
 0002:000002c0       __xt_a                     000000018000f2c0     LIBCMT:initializers.obj
 0002:000002c8       __xt_z                     000000018000f2c8     LIBCMT:initializers.obj
 0002:000002d0       __sz_node_exe              000000018000f2d0     node:node.exe
 0002:000002e8       ??_7exception@std@@6B@     000000018000f2e8     libcpmt:xthrow.obj
 0002:000002f8       ??_C@_0BC@EOODALEL@Unknown?5exception@ 000000018000f2f8     libcpmt:xthrow.obj
 0002:00000318       ??_7bad_alloc@std@@6B@     000000018000f318     libcpmt:xthrow.obj
 0002:00000328       ??_C@_0P@GHFPNOJB@bad?5allocation@ 000000018000f328     libcpmt:xthrow.obj
 0002:00000340       ??_7logic_error@std@@6B@   000000018000f340     libcpmt:xthrow.obj
 0002:00000358       ??_7length_error@std@@6B@  000000018000f358     libcpmt:xthrow.obj
 0002:00000368       _pDefaultRawDllMain        000000018000f368     LIBCMT:dll_dllmain.obj
 0002:00000368       _pRawDllMain               000000018000f368     LIBCMT:dll_dllmain.obj
 0002:00000378       ??_7type_info@@6B@         000000018000f378     LIBCMT:std_type_info_static.obj
 0002:00000398       ??_7bad_array_new_length@std@@6B@ 000000018000f398     LIBCMT:throw_bad_alloc.obj
 0002:000003a8       ??_C@_0BF@KINCDENJ@bad?5array?5new?5length@ 000000018000f3a8     LIBCMT:throw_bad_alloc.obj
 0002:00000400       _pDestructExceptionObject  000000018000f400     libvcruntime:ehhelpers.obj
 0002:00000748       ??_C@_08EHJDFFNH@__based?$CI@ 000000018000f748     libvcruntime:undname.obj
 0002:00000758       ??_C@_07KOLFKCDI@__cdecl@  000000018000f758     libvcruntime:undname.obj
 0002:00000760       ??_C@_08GHMPAG@__pascal@   000000018000f760     libvcruntime:undname.obj
 0002:00000770       ??_C@_09IFJBGAPI@__stdcall@ 000000018000f770     libvcruntime:undname.obj
 0002:00000780       ??_C@_0L@NPHFGOKO@__thiscall@ 000000018000f780     libvcruntime:undname.obj
 0002:00000790       ??_C@_0L@JMKHOMEK@__fastcall@ 000000018000f790     libvcruntime:undname.obj
 0002:000007a0       ??_C@_0N@BCKKPABJ@__vectorcall@ 000000018000f7a0     libvcruntime:undname.obj
 0002:000007b0       ??_C@_09HIJEGCPM@__clrcall@ 000000018000f7b0     libvcruntime:undname.obj
 0002:000007bc       ??_C@_06GHPCKEAG@__eabi@   000000018000f7bc     libvcruntime:undname.obj
 0002:000007c8       ??_C@_09IOPIDJLG@__swift_1@ 000000018000f7c8     libvcruntime:undname.obj
 0002:000007d8       ??_C@_09KFNFGKHF@__swift_2@ 000000018000f7d8     libvcruntime:undname.obj
 0002:000007e8       ??_C@_07JOMMBBKO@__ptr64@  000000018000f7e8     libvcruntime:undname.obj
 0002:000007f0       ??_C@_0L@PILCLIHE@__restrict@ 000000018000f7f0     libvcruntime:undname.obj
 0002:00000800       ??_C@_0M@GFIIJFMG@__unaligned@ 000000018000f800     libvcruntime:undname.obj
 0002:00000810       ??_C@_09DHDLOLLB@restrict?$CI@ 000000018000f810     libvcruntime:undname.obj
 0002:0000081a       ??_C@_00CNPNBAHC@@         000000018000f81a     libvcruntime:undname.obj
 0002:0000081c       ??_C@_04NIHEBCM@?5new@     000000018000f81c     libvcruntime:undname.obj
 0002:00000828       ??_C@_07FPCDHGMM@?5delete@ 000000018000f828     libvcruntime:undname.obj
 0002:00000830       ??_C@_01NEMOKFLO@?$DN@     000000018000f830     libvcruntime:undname.obj
 0002:00000834       ??_C@_02GPIOPFAK@?$DO?$DO@ 000000018000f834     libvcruntime:undname.obj
 0002:00000838       ??_C@_02FODMEDOG@?$DM?$DM@ 000000018000f838     libvcruntime:undname.obj
 0002:0000083c       ??_C@_01DCLJPIOD@?$CB@     000000018000f83c     libvcruntime:undname.obj
 0002:00000840       ??_C@_02EGOFBIJA@?$DN?$DN@ 000000018000f840     libvcruntime:undname.obj
 0002:00000844       ??_C@_02FDNJECIE@?$CB?$DN@ 000000018000f844     libvcruntime:undname.obj
 0002:00000848       ??_C@_02GPECMEKF@?$FL?$FN@ 000000018000f848     libvcruntime:undname.obj
 0002:00000850       ??_C@_08LHJFAFGD@operator@ 000000018000f850     libvcruntime:undname.obj
 0002:0000085c       ??_C@_02HBOOOICD@?9?$DO@   000000018000f85c     libvcruntime:undname.obj
 0002:00000860       ??_C@_01NBENCBCI@?$CK@     000000018000f860     libvcruntime:undname.obj
 0002:00000864       ??_C@_02ECNGHCIF@?$CL?$CL@ 000000018000f864     libvcruntime:undname.obj
 0002:00000868       ??_C@_02BAABKJLB@?9?9@     000000018000f868     libvcruntime:undname.obj
 0002:0000086c       ??_C@_01JOAMLHOP@?9@       000000018000f86c     libvcruntime:undname.obj
 0002:00000870       ??_C@_01MIFGBAGJ@?$CL@     000000018000f870     libvcruntime:undname.obj
 0002:00000874       ??_C@_01HNPIGOCE@?$CG@     000000018000f874     libvcruntime:undname.obj
 0002:00000878       ??_C@_03MNHNFDLC@?9?$DO?$CK@ 000000018000f878     libvcruntime:undname.obj
 0002:0000087c       ??_C@_01KMDKNFGN@?1@       000000018000f87c     libvcruntime:undname.obj
 0002:00000880       ??_C@_01FGNFDNOH@?$CF@     000000018000f880     libvcruntime:undname.obj
 0002:00000884       ??_C@_01MNNFJEPP@?$DM@     000000018000f884     libvcruntime:undname.obj
 0002:00000888       ??_C@_02EHCHHCKH@?$DM?$DN@ 000000018000f888     libvcruntime:undname.obj
 0002:0000088c       ??_C@_01PPODPGHN@?$DO@     000000018000f88c     libvcruntime:undname.obj
 0002:00000890       ??_C@_02EEKDKGMJ@?$DO?$DN@ 000000018000f890     libvcruntime:undname.obj
 0002:00000894       ??_C@_01IHBHIGKO@?0@       000000018000f894     libvcruntime:undname.obj
 0002:00000898       ??_C@_02HCKGKOFO@?$CI?$CJ@ 000000018000f898     libvcruntime:undname.obj
 0002:0000089c       ??_C@_01PJKLJHI@?$HO@      000000018000f89c     libvcruntime:undname.obj
 0002:000008a0       ??_C@_01JKBOJNNK@?$FO@     000000018000f8a0     libvcruntime:undname.obj
 0002:000008a4       ??_C@_01DNKMNLPK@?$HM@     000000018000f8a4     libvcruntime:undname.obj
 0002:000008a8       ??_C@_02PPKAJPJL@?$CG?$CG@ 000000018000f8a8     libvcruntime:undname.obj
 0002:000008ac       ??_C@_02NONPIBCD@?$HM?$HM@ 000000018000f8ac     libvcruntime:undname.obj
 0002:000008b0       ??_C@_02FPIMKNGF@?$CK?$DN@ 000000018000f8b0     libvcruntime:undname.obj
 0002:000008b4       ??_C@_02FOEOMHFC@?$CL?$DN@ 000000018000f8b4     libvcruntime:undname.obj
 0002:000008b8       ??_C@_02FKMDLLOA@?9?$DN@   000000018000f8b8     libvcruntime:undname.obj
 0002:000008bc       ??_C@_02FJEHGPIO@?1?$DN@   000000018000f8bc     libvcruntime:undname.obj
 0002:000008c0       ??_C@_02FENAOKFI@?$CF?$DN@ 000000018000f8c0     libvcruntime:undname.obj
 0002:000008c4       ??_C@_03IKFCCPFF@?$DO?$DO?$DN@ 000000018000f8c4     libvcruntime:undname.obj
 0002:000008c8       ??_C@_03CDNPDDLA@?$DM?$DM?$DN@ 000000018000f8c8     libvcruntime:undname.obj
 0002:000008cc       ??_C@_02FGJGFEAB@?$CG?$DN@ 000000018000f8cc     libvcruntime:undname.obj
 0002:000008d0       ??_C@_02DHLNPPGH@?$HM?$DN@ 000000018000f8d0     libvcruntime:undname.obj
 0002:000008d4       ??_C@_02MHEGNOJ@?$FO?$DN@  000000018000f8d4     libvcruntime:undname.obj
 0002:000008d8       ??_C@_09IFPLHPGF@?$GAvftable?8@ 000000018000f8d8     libvcruntime:undname.obj
 0002:000008e8       ??_C@_09BLBHBJP@?$GAvbtable?8@ 000000018000f8e8     libvcruntime:undname.obj
 0002:000008f8       ??_C@_07FEEIOKP@?$GAvcall?8@ 000000018000f8f8     libvcruntime:undname.obj
 0002:00000900       ??_C@_08LLFFHHDJ@?$GAtypeof?8@ 000000018000f900     libvcruntime:undname.obj
 0002:00000910       ??_C@_0BF@KDPPACIK@?$GAlocal?5static?5guard?8@ 000000018000f910     libvcruntime:undname.obj
 0002:00000928       ??_C@_08OBABFOLI@?$GAstring?8@ 000000018000f928     libvcruntime:undname.obj
 0002:00000938       ??_C@_0BD@JDLKDPAB@?$GAvbase?5destructor?8@ 000000018000f938     libvcruntime:undname.obj
 0002:00000950       ??_C@_0BN@DEGPLNFK@?$GAvector?5deleting?5destructor?8@ 000000018000f950     libvcruntime:undname.obj
 0002:00000970       ??_C@_0BO@OBMKPJIG@?$GAdefault?5constructor?5closure?8@ 000000018000f970     libvcruntime:undname.obj
 0002:00000990       ??_C@_0BN@IMDCHIKM@?$GAscalar?5deleting?5destructor?8@ 000000018000f990     libvcruntime:undname.obj
 0002:000009b0       ??_C@_0BO@PFGOCPJJ@?$GAvector?5constructor?5iterator?8@ 000000018000f9b0     libvcruntime:undname.obj
 0002:000009d0       ??_C@_0BN@LFPFMEDL@?$GAvector?5destructor?5iterator?8@ 000000018000f9d0     libvcruntime:undname.obj
 0002:000009f0       ??_C@_0CE@IKBNEHA@?$GAvector?5vbase?5constructor?5itera@ 000000018000f9f0     libvcruntime:undname.obj
 0002:00000a18       ??_C@_0BL@NILFHHPC@?$GAvirtual?5displacement?5map?8@ 000000018000fa18     libvcruntime:undname.obj
 0002:00000a38       ??_C@_0CB@JONCMFFK@?$GAeh?5vector?5constructor?5iterator@ 000000018000fa38     libvcruntime:undname.obj
 0002:00000a60       ??_C@_0CA@GCEOPDGL@?$GAeh?5vector?5destructor?5iterator?8@ 000000018000fa60     libvcruntime:undname.obj
 0002:00000a80       ??_C@_0CH@OOJPLCPH@?$GAeh?5vector?5vbase?5constructor?5it@ 000000018000fa80     libvcruntime:undname.obj
 0002:00000aa8       ??_C@_0BL@LLKPOHJI@?$GAcopy?5constructor?5closure?8@ 000000018000faa8     libvcruntime:undname.obj
 0002:00000ac8       ??_C@_0BA@KBCDOMBN@?$GAudt?5returning?8@ 000000018000fac8     libvcruntime:undname.obj
 0002:00000ad8       ??_C@_03KLGMFNMG@?$GAEH@   000000018000fad8     libvcruntime:undname.obj
 0002:00000adc       ??_C@_05KHLCHHI@?$GARTTI@  000000018000fadc     libvcruntime:undname.obj
 0002:00000ae8       ??_C@_0BA@KKLDJDLB@?$GAlocal?5vftable?8@ 000000018000fae8     libvcruntime:undname.obj
 0002:00000af8       ??_C@_0CE@IIHCMGGL@?$GAlocal?5vftable?5constructor?5clos@ 000000018000faf8     libvcruntime:undname.obj
 0002:00000b1c       ??_C@_06FHBGPFGH@?5new?$FL?$FN@ 000000018000fb1c     libvcruntime:undname.obj
 0002:00000b28       ??_C@_09LBNFPBCA@?5delete?$FL?$FN@ 000000018000fb28     libvcruntime:undname.obj
 0002:00000b38       ??_C@_0P@HJKNJFNN@?$GAomni?5callsig?8@ 000000018000fb38     libvcruntime:undname.obj
 0002:00000b48       ??_C@_0BL@CNOONJFP@?$GAplacement?5delete?5closure?8@ 000000018000fb48     libvcruntime:undname.obj
 0002:00000b68       ??_C@_0BN@CKNJLHMB@?$GAplacement?5delete?$FL?$FN?5closure?8@ 000000018000fb68     libvcruntime:undname.obj
 0002:00000b88       ??_C@_0CG@CFDHKGGD@?$GAmanaged?5vector?5constructor?5ite@ 000000018000fb88     libvcruntime:undname.obj
 0002:00000bb0       ??_C@_0CF@IMGKMJNO@?$GAmanaged?5vector?5destructor?5iter@ 000000018000fbb0     libvcruntime:undname.obj
 0002:00000bd8       ??_C@_0CG@HLDDJMAG@?$GAeh?5vector?5copy?5constructor?5ite@ 000000018000fbd8     libvcruntime:undname.obj
 0002:00000c00       ??_C@_0CM@FCBBDIGB@?$GAeh?5vector?5vbase?5copy?5construct@ 000000018000fc00     libvcruntime:undname.obj
 0002:00000c30       ??_C@_0BL@CLIPGLGB@?$GAdynamic?5initializer?5for?5?8@ 000000018000fc30     libvcruntime:undname.obj
 0002:00000c50       ??_C@_0CB@PDBIFEP@?$GAdynamic?5atexit?5destructor?5for?5@ 000000018000fc50     libvcruntime:undname.obj
 0002:00000c78       ??_C@_0CD@CGAJBKEJ@?$GAvector?5copy?5constructor?5iterat@ 000000018000fc78     libvcruntime:undname.obj
 0002:00000ca0       ??_C@_0CJ@GJELGAMM@?$GAvector?5vbase?5copy?5constructor?5@ 000000018000fca0     libvcruntime:undname.obj
 0002:00000cd0       ??_C@_0CL@FGIJHLCE@?$GAmanaged?5vector?5copy?5constructo@ 000000018000fcd0     libvcruntime:undname.obj
 0002:00000d00       ??_C@_0BM@PMGGMLDN@?$GAlocal?5static?5thread?5guard?8@ 000000018000fd00     libvcruntime:undname.obj
 0002:00000d20       ??_C@_0N@BDNMDMOL@operator?5?$CC?$CC?5@ 000000018000fd20     libvcruntime:undname.obj
 0002:00000d30       ??_C@_0BC@GGEBGALA@operator?5co_await@ 000000018000fd30     libvcruntime:undname.obj
 0002:00000d48       ??_C@_0BC@DAFEJGAK@?5Type?5Descriptor?8@ 000000018000fd48     libvcruntime:undname.obj
 0002:00000d60       ??_C@_0BM@LDKODKLH@?5Base?5Class?5Descriptor?5at?5?$CI@ 000000018000fd60     libvcruntime:undname.obj
 0002:00000d80       ??_C@_0BD@LGICGFMM@?5Base?5Class?5Array?8@ 000000018000fd80     libvcruntime:undname.obj
 0002:00000d98       ??_C@_0BN@MECKDCOJ@?5Class?5Hierarchy?5Descriptor?8@ 000000018000fd98     libvcruntime:undname.obj
 0002:00000db8       ??_C@_0BK@CFCOFLF@?5Complete?5Object?5Locator?8@ 000000018000fdb8     libvcruntime:undname.obj
 0002:00000df0       ??_C@_1DM@KHCHBNEB@?$AAa?$AAp?$AAi?$AA?9?$AAm?$AAs?$AA?9?$AAw?$AAi?$AAn?$AA?9?$AAc?$AAo?$AAr?$AAe@ 000000018000fdf0     libvcruntime:winapi_downlevel.obj
 0002:00000e30       ??_C@_1DK@LPPGFMPP@?$AAa?$AAp?$AAi?$AA?9?$AAm?$AAs?$AA?9?$AAw?$AAi?$AAn?$AA?9?$AAc?$AAo?$AAr?$AAe@ 000000018000fe30     libvcruntime:winapi_downlevel.obj
 0002:00000e70       ??_C@_1BC@GDMECMAK@?$AAk?$AAe?$AAr?$AAn?$AAe?$AAl?$AA3?$AA2@ 000000018000fe70     libvcruntime:winapi_downlevel.obj
 0002:00000e88       ??_C@_1BA@PFFKHIOG@?$AAa?$AAp?$AAi?$AA?9?$AAm?$AAs?$AA?9@ 000000018000fe88     libvcruntime:winapi_downlevel.obj
 0002:00000e98       ??_C@_1BA@IAIFMGEF@?$AAe?$AAx?$AAt?$AA?9?$AAm?$AAs?$AA?9@ 000000018000fe98     libvcruntime:winapi_downlevel.obj
 0002:00000eb0       ??_C@_08KNHFBNJ@FlsAlloc@  000000018000feb0     libvcruntime:winapi_downlevel.obj
 0002:00000ec8       ??_C@_07PEJMOBNF@FlsFree@  000000018000fec8     libvcruntime:winapi_downlevel.obj
 0002:00000ed8       ??_C@_0M@GDNOONDI@FlsGetValue@ 000000018000fed8     libvcruntime:winapi_downlevel.obj
 0002:00000ef0       ??_C@_0M@JCPCPOEF@FlsSetValue@ 000000018000fef0     libvcruntime:winapi_downlevel.obj
 0002:00000f08       ??_C@_0BM@HCFOFFN@InitializeCriticalSectionEx@ 000000018000ff08     libvcruntime:winapi_downlevel.obj
 0002:00000f30       __acrt_exception_action_table 000000018000ff30     libucrt:exception_filter.obj
 0002:00000ff0       __acrt_signal_action_table_count 000000018000fff0     libucrt:exception_filter.obj
 0002:00000ff8       __acrt_signal_action_first_fpe_index 000000018000fff8     libucrt:exception_filter.obj
 0002:00001000       __acrt_signal_action_fpe_count 0000000180010000     libucrt:exception_filter.obj
 0002:00001008       ??_C@_1BI@BGOHAHKC@?$AAm?$AAs?$AAc?$AAo?$AAr?$AAe?$AAe?$AA?4?$AAd?$AAl?$AAl?$AA?$AA@ 0000000180010008     libucrt:exit.obj
 0002:00001020       ??_C@_0P@MIGLKIOC@CorExitProcess?$AA@ 0000000180010020     libucrt:exit.obj
 0002:000012a0       __lc_time_c                00000001800102a0     libucrt:nlsdata.obj
 0002:00001560       ??_C@_03KOEHGMDN@Sun?$AA@  0000000180010560     libucrt:nlsdata.obj
 0002:00001564       ??_C@_03PDAGKDH@Mon?$AA@   0000000180010564     libucrt:nlsdata.obj
 0002:00001568       ??_C@_03NAGEINEP@Tue?$AA@  0000000180010568     libucrt:nlsdata.obj
 0002:0000156c       ??_C@_03MHOMLAJA@Wed?$AA@  000000018001056c     libucrt:nlsdata.obj
 0002:00001570       ??_C@_03IOFIKPDN@Thu?$AA@  0000000180010570     libucrt:nlsdata.obj
 0002:00001574       ??_C@_03IDIOELNC@Fri?$AA@  0000000180010574     libucrt:nlsdata.obj
 0002:00001578       ??_C@_03FEFJNEK@Sat?$AA@   0000000180010578     libucrt:nlsdata.obj
 0002:0000157c       ??_C@_06OOPIFAJ@Sunday?$AA@ 000000018001057c     libucrt:nlsdata.obj
 0002:00001584       ??_C@_06JLEDEDGH@Monday?$AA@ 0000000180010584     libucrt:nlsdata.obj
 0002:00001590       ??_C@_07BAAGCFCM@Tuesday?$AA@ 0000000180010590     libucrt:nlsdata.obj
 0002:00001598       ??_C@_09DLIGFAKA@Wednesday?$AA@ 0000000180010598     libucrt:nlsdata.obj
 0002:000015a8       ??_C@_08HACCIKIA@Thursday?$AA@ 00000001800105a8     libucrt:nlsdata.obj
 0002:000015b4       ??_C@_06JECMNKMI@Friday?$AA@ 00000001800105b4     libucrt:nlsdata.obj
 0002:000015c0       ??_C@_08INBOOONO@Saturday?$AA@ 00000001800105c0     libucrt:nlsdata.obj
 0002:000015cc       ??_C@_03JIHJHPIE@Jan?$AA@  00000001800105cc     libucrt:nlsdata.obj
 0002:000015d0       ??_C@_03HJBDCHOM@Feb?$AA@  00000001800105d0     libucrt:nlsdata.obj
 0002:000015d4       ??_C@_03ODNJBKGA@Mar?$AA@  00000001800105d4     libucrt:nlsdata.obj
 0002:000015d8       ??_C@_03LEOLGMJP@Apr?$AA@  00000001800105d8     libucrt:nlsdata.obj
 0002:000015dc       ??_C@_03CNMDKL@May?$AA@    00000001800105dc     libucrt:nlsdata.obj
 0002:000015e0       ??_C@_03IDFGHECI@Jun?$AA@  00000001800105e0     libucrt:nlsdata.obj
 0002:000015e4       ??_C@_03LBGABGKK@Jul?$AA@  00000001800105e4     libucrt:nlsdata.obj
 0002:000015e8       ??_C@_03IFJFEIGA@Aug?$AA@  00000001800105e8     libucrt:nlsdata.obj
 0002:000015ec       ??_C@_03GGCAPAJC@Sep?$AA@  00000001800105ec     libucrt:nlsdata.obj
 0002:000015f0       ??_C@_03BMAOKBAD@Oct?$AA@  00000001800105f0     libucrt:nlsdata.obj
 0002:000015f4       ??_C@_03JPJOFNIA@Nov?$AA@  00000001800105f4     libucrt:nlsdata.obj
 0002:000015f8       ??_C@_03MKABNOCG@Dec?$AA@  00000001800105f8     libucrt:nlsdata.obj
 0002:00001600       ??_C@_07CGJPFGJA@January?$AA@ 0000000180010600     libucrt:nlsdata.obj
 0002:00001608       ??_C@_08GNJGEPFN@February?$AA@ 0000000180010608     libucrt:nlsdata.obj
 0002:00001614       ??_C@_05HPCKOFNC@March?$AA@ 0000000180010614     libucrt:nlsdata.obj
 0002:0000161c       ??_C@_05DMJDNLEJ@April?$AA@ 000000018001061c     libucrt:nlsdata.obj
 0002:00001624       ??_C@_04CNLMGBGM@June?$AA@ 0000000180010624     libucrt:nlsdata.obj
 0002:0000162c       ??_C@_04MIEPOIFP@July?$AA@ 000000018001062c     libucrt:nlsdata.obj
 0002:00001634       ??_C@_06LBBHFDDG@August?$AA@ 0000000180010634     libucrt:nlsdata.obj
 0002:00001640       ??_C@_09BHHEALKD@September?$AA@ 0000000180010640     libucrt:nlsdata.obj
 0002:00001650       ??_C@_07JJNFCEND@October?$AA@ 0000000180010650     libucrt:nlsdata.obj
 0002:00001658       ??_C@_08HCHEGEOA@November?$AA@ 0000000180010658     libucrt:nlsdata.obj
 0002:00001668       ??_C@_08EDHMEBNP@December?$AA@ 0000000180010668     libucrt:nlsdata.obj
 0002:00001674       ??_C@_02DEDBPAFC@AM?$AA@   0000000180010674     libucrt:nlsdata.obj
 0002:00001678       ??_C@_02CJNFDJBF@PM?$AA@   0000000180010678     libucrt:nlsdata.obj
 0002:00001680       ??_C@_08BPBNCDIB@MM?1dd?1yy?$AA@ 0000000180010680     libucrt:nlsdata.obj
 0002:00001690       ??_C@_0BE@CKGJFCPC@dddd?0?5MMMM?5dd?0?5yyyy?$AA@ 0000000180010690     libucrt:nlsdata.obj
 0002:000016a8       ??_C@_08JCCMCCIL@HH?3mm?3ss?$AA@ 00000001800106a8     libucrt:nlsdata.obj
 0002:000016b8       ??_C@_17MBGCMIPB@?$AAS?$AAu?$AAn?$AA?$AA@ 00000001800106b8     libucrt:nlsdata.obj
 0002:000016c0       ??_C@_17KBOMKBF@?$AAM?$AAo?$AAn?$AA?$AA@ 00000001800106c0     libucrt:nlsdata.obj
 0002:000016c8       ??_C@_17BMKGEGOJ@?$AAT?$AAu?$AAe?$AA?$AA@ 00000001800106c8     libucrt:nlsdata.obj
 0002:000016d0       ??_C@_17CJEDCEPE@?$AAW?$AAe?$AAd?$AA?$AA@ 00000001800106d0     libucrt:nlsdata.obj
 0002:000016d8       ??_C@_17PDPHAADD@?$AAT?$AAh?$AAu?$AA?$AA@ 00000001800106d8     libucrt:nlsdata.obj
 0002:000016e0       ??_C@_17HFOLPPLP@?$AAF?$AAr?$AAi?$AA?$AA@ 00000001800106e0     libucrt:nlsdata.obj
 0002:000016e8       ??_C@_17GGIBDPIH@?$AAS?$AAa?$AAt?$AA?$AA@ 00000001800106e8     libucrt:nlsdata.obj
 0002:000016f0       ??_C@_1O@IHNHDHPB@?$AAS?$AAu?$AAn?$AAd?$AAa?$AAy?$AA?$AA@ 00000001800106f0     libucrt:nlsdata.obj
 0002:00001700       ??_C@_1O@MMNBFLIA@?$AAM?$AAo?$AAn?$AAd?$AAa?$AAy?$AA?$AA@ 0000000180010700     libucrt:nlsdata.obj
 0002:00001710       ??_C@_1BA@ENFBFFEK@?$AAT?$AAu?$AAe?$AAs?$AAd?$AAa?$AAy?$AA?$AA@ 0000000180010710     libucrt:nlsdata.obj
 0002:00001720       ??_C@_1BE@EBOGMDOH@?$AAW?$AAe?$AAd?$AAn?$AAe?$AAs?$AAd?$AAa?$AAy?$AA?$AA@ 0000000180010720     libucrt:nlsdata.obj
 0002:00001738       ??_C@_1BC@HHMNLIHE@?$AAT?$AAh?$AAu?$AAr?$AAs?$AAd?$AAa?$AAy?$AA?$AA@ 0000000180010738     libucrt:nlsdata.obj
 0002:00001750       ??_C@_1O@PDICJHAG@?$AAF?$AAr?$AAi?$AAd?$AAa?$AAy?$AA?$AA@ 0000000180010750     libucrt:nlsdata.obj
 0002:00001760       ??_C@_1BC@ENMNNPAJ@?$AAS?$AAa?$AAt?$AAu?$AAr?$AAd?$AAa?$AAy?$AA?$AA@ 0000000180010760     libucrt:nlsdata.obj
 0002:00001778       ??_C@_17DKNBKCHM@?$AAJ?$AAa?$AAn?$AA?$AA@ 0000000180010778     libucrt:nlsdata.obj
 0002:00001780       ??_C@_17LMDJEKJN@?$AAF?$AAe?$AAb?$AA?$AA@ 0000000180010780     libucrt:nlsdata.obj
 0002:00001788       ??_C@_17CKNLEDEC@?$AAM?$AAa?$AAr?$AA?$AA@ 0000000180010788     libucrt:nlsdata.obj
 0002:00001790       ??_C@_17LFPOIHDD@?$AAA?$AAp?$AAr?$AA?$AA@ 0000000180010790     libucrt:nlsdata.obj
 0002:00001798       ??_C@_17PNNKMEED@?$AAM?$AAa?$AAy?$AA?$AA@ 0000000180010798     libucrt:nlsdata.obj
 0002:000017a0       ??_C@_17KCJGOCPB@?$AAJ?$AAu?$AAn?$AA?$AA@ 00000001800107a0     libucrt:nlsdata.obj
 0002:000017a8       ??_C@_17IJPCKHK@?$AAJ?$AAu?$AAl?$AA?$AA@ 00000001800107a8     libucrt:nlsdata.obj
 0002:000017b0       ??_C@_17ICPELBCN@?$AAA?$AAu?$AAg?$AA?$AA@ 00000001800107b0     libucrt:nlsdata.obj
 0002:000017b8       ??_C@_17HCHCOKMG@?$AAS?$AAe?$AAp?$AA?$AA@ 00000001800107b8     libucrt:nlsdata.obj
 0002:000017c0       ??_C@_17FNLKOI@?$AAO?$AAc?$AAt?$AA?$AA@ 00000001800107c0     libucrt:nlsdata.obj
 0002:000017c8       ??_C@_17BBDMLCIG@?$AAN?$AAo?$AAv?$AA?$AA@ 00000001800107c8     libucrt:nlsdata.obj
 0002:000017d0       ??_C@_17EGKACKIF@?$AAD?$AAe?$AAc?$AA?$AA@ 00000001800107d0     libucrt:nlsdata.obj
 0002:000017d8       ??_C@_1BA@EFMEIEBA@?$AAJ?$AAa?$AAn?$AAu?$AAa?$AAr?$AAy?$AA?$AA@ 00000001800107d8     libucrt:nlsdata.obj
 0002:000017e8       ??_C@_1BC@JGDDFFAM@?$AAF?$AAe?$AAb?$AAr?$AAu?$AAa?$AAr?$AAy?$AA?$AA@ 00000001800107e8     libucrt:nlsdata.obj
 0002:00001800       ??_C@_1M@IKEENEDF@?$AAM?$AAa?$AAr?$AAc?$AAh?$AA?$AA@ 0000000180010800     libucrt:nlsdata.obj
 0002:00001810       ??_C@_1M@GJNLMHFD@?$AAA?$AAp?$AAr?$AAi?$AAl?$AA?$AA@ 0000000180010810     libucrt:nlsdata.obj
 0002:00001820       ??_C@_19EPFLPGAP@?$AAJ?$AAu?$AAn?$AAe?$AA?$AA@ 0000000180010820     libucrt:nlsdata.obj
 0002:00001830       ??_C@_19BIFMLPCD@?$AAJ?$AAu?$AAl?$AAy?$AA?$AA@ 0000000180010830     libucrt:nlsdata.obj
 0002:00001840       ??_C@_1O@PAHLKOAC@?$AAA?$AAu?$AAg?$AAu?$AAs?$AAt?$AA?$AA@ 0000000180010840     libucrt:nlsdata.obj
 0002:00001850       ??_C@_1BE@DKAAMBJL@?$AAS?$AAe?$AAp?$AAt?$AAe?$AAm?$AAb?$AAe?$AAr?$AA?$AA@ 0000000180010850     libucrt:nlsdata.obj
 0002:00001868       ??_C@_1BA@EPANDLNG@?$AAO?$AAc?$AAt?$AAo?$AAb?$AAe?$AAr?$AA?$AA@ 0000000180010868     libucrt:nlsdata.obj
 0002:00001878       ??_C@_1BC@BGLIFPF@?$AAN?$AAo?$AAv?$AAe?$AAm?$AAb?$AAe?$AAr?$AA?$AA@ 0000000180010878     libucrt:nlsdata.obj
 0002:00001890       ??_C@_1BC@FEMKIFH@?$AAD?$AAe?$AAc?$AAe?$AAm?$AAb?$AAe?$AAr?$AA?$AA@ 0000000180010890     libucrt:nlsdata.obj
 0002:000018a4       ??_C@_15ODEHAHHF@?$AAA?$AAM?$AA?$AA@ 00000001800108a4     libucrt:nlsdata.obj
 0002:000018ac       ??_C@_15CLMNNGEL@?$AAP?$AAM?$AA?$AA@ 00000001800108ac     libucrt:nlsdata.obj
 0002:000018b8       ??_C@_1BC@IEBCMHCM@?$AAM?$AAM?$AA?1?$AAd?$AAd?$AA?1?$AAy?$AAy?$AA?$AA@ 00000001800108b8     libucrt:nlsdata.obj
 0002:000018d0       ??_C@_1CI@KNAKOEBC@?$AAd?$AAd?$AAd?$AAd?$AA?0?$AA?5?$AAM?$AAM?$AAM?$AAM?$AA?5?$AAd?$AAd?$AA?0?$AA?5?$AAy?$AAy?$AAy?$AAy?$AA?$AA@ 00000001800108d0     libucrt:nlsdata.obj
 0002:000018f8       ??_C@_1BC@GDGBMEMK@?$AAH?$AAH?$AA?3?$AAm?$AAm?$AA?3?$AAs?$AAs?$AA?$AA@ 00000001800108f8     libucrt:nlsdata.obj
 0002:00001910       ??_C@_1M@BMHNFIME@?$AAe?$AAn?$AA?9?$AAU?$AAS?$AA?$AA@ 0000000180010910     libucrt:nlsdata.obj
 0002:00001940       ??_C@_1M@HPNHIDJI@?$AAj?$AAa?$AA?9?$AAJ?$AAP?$AA?$AA@ 0000000180010940     libucrt:mbctype.obj
 0002:00001950       ??_C@_1M@BIBDDEMK@?$AAz?$AAh?$AA?9?$AAC?$AAN?$AA?$AA@ 0000000180010950     libucrt:mbctype.obj
 0002:00001960       ??_C@_1M@JLOOOEGK@?$AAk?$AAo?$AA?9?$AAK?$AAR?$AA?$AA@ 0000000180010960     libucrt:mbctype.obj
 0002:00001970       ??_C@_1M@CLNBBOPM@?$AAz?$AAh?$AA?9?$AAT?$AAW?$AA?$AA@ 0000000180010970     libucrt:mbctype.obj
 0002:00001a20       ??_C@_1EA@JGEFHKEI@?$AAa?$AAp?$AAi?$AA?9?$AAm?$AAs?$AA?9?$AAw?$AAi?$AAn?$AA?9?$AAc?$AAo?$AAr?$AAe?$AA?9?$AAd?$AAa?$AAt?$AAe?$AAt?$AAi?$AAm?$AAe?$AA?9?$AAl?$AA1?$AA?9?$AA1?$AA?9?$AA1?$AA?$AA@ 0000000180010a20     libucrt:winapi_thunks.obj
 0002:00001a60       ??_C@_1DM@KHCHBNEB@?$AAa?$AAp?$AAi?$AA?9?$AAm?$AAs?$AA?9?$AAw?$AAi?$AAn?$AA?9?$AAc?$AAo?$AAr?$AAe?$AA?9?$AAf?$AAi?$AAb?$AAe?$AAr?$AAs?$AA?9?$AAl?$AA1?$AA?9?$AA1?$AA?9?$AA1?$AA?$AA@ 0000000180010a60     libucrt:winapi_thunks.obj
 0002:00001aa0       ??_C@_1DI@IJCEHOCB@?$AAa?$AAp?$AAi?$AA?9?$AAm?$AAs?$AA?9?$AAw?$AAi?$AAn?$AA?9?$AAc?$AAo?$AAr?$AAe?$AA?9?$AAf?$AAi?$AAl?$AAe?$AA?9?$AAl?$AA1?$AA?9?$AA2?$AA?9?$AA2?$AA?$AA@ 0000000180010aa0     libucrt:winapi_thunks.obj
 0002:00001ae0       ??_C@_1EI@MPIAOHOC@?$AAa?$AAp?$AAi?$AA?9?$AAm?$AAs?$AA?9?$AAw?$AAi?$AAn?$AA?9?$AAc?$AAo?$AAr?$AAe?$AA?9?$AAl?$AAo?$AAc?$AAa?$AAl?$AAi?$AAz?$AAa?$AAt?$AAi?$AAo?$AAn?$AA?9?$AAl?$AA1?$AA?9@ 0000000180010ae0     libucrt:winapi_thunks.obj
 0002:00001b30       ??_C@_1FK@FPHCKFIE@?$AAa?$AAp?$AAi?$AA?9?$AAm?$AAs?$AA?9?$AAw?$AAi?$AAn?$AA?9?$AAc?$AAo?$AAr?$AAe?$AA?9?$AAl?$AAo?$AAc?$AAa?$AAl?$AAi?$AAz?$AAa?$AAt?$AAi?$AAo?$AAn?$AA?9?$AAo?$AAb?$AAs@ 0000000180010b30     libucrt:winapi_thunks.obj
 0002:00001b90       ??_C@_1EM@DILCGIIO@?$AAa?$AAp?$AAi?$AA?9?$AAm?$AAs?$AA?9?$AAw?$AAi?$AAn?$AA?9?$AAc?$AAo?$AAr?$AAe?$AA?9?$AAp?$AAr?$AAo?$AAc?$AAe?$AAs?$AAs?$AAt?$AAh?$AAr?$AAe?$AAa?$AAd?$AAs?$AA?9?$AAl@ 0000000180010b90     libucrt:winapi_thunks.obj
 0002:00001be0       ??_C@_1DM@LNCGDDPN@?$AAa?$AAp?$AAi?$AA?9?$AAm?$AAs?$AA?9?$AAw?$AAi?$AAn?$AA?9?$AAc?$AAo?$AAr?$AAe?$AA?9?$AAs?$AAt?$AAr?$AAi?$AAn?$AAg?$AA?9?$AAl?$AA1?$AA?9?$AA1?$AA?9?$AA0?$AA?$AA@ 0000000180010be0     libucrt:winapi_thunks.obj
 0002:00001c20       ??_C@_1DK@LPPGFMPP@?$AAa?$AAp?$AAi?$AA?9?$AAm?$AAs?$AA?9?$AAw?$AAi?$AAn?$AA?9?$AAc?$AAo?$AAr?$AAe?$AA?9?$AAs?$AAy?$AAn?$AAc?$AAh?$AA?9?$AAl?$AA1?$AA?9?$AA2?$AA?9?$AA0?$AA?$AA@ 0000000180010c20     libucrt:winapi_thunks.obj
 0002:00001c60       ??_C@_1DO@FPAPJEMD@?$AAa?$AAp?$AAi?$AA?9?$AAm?$AAs?$AA?9?$AAw?$AAi?$AAn?$AA?9?$AAc?$AAo?$AAr?$AAe?$AA?9?$AAs?$AAy?$AAs?$AAi?$AAn?$AAf?$AAo?$AA?9?$AAl?$AA1?$AA?9?$AA2?$AA?9?$AA1?$AA?$AA@ 0000000180010c60     libucrt:winapi_thunks.obj
 0002:00001ca0       ??_C@_1DK@NDHNAHIO@?$AAa?$AAp?$AAi?$AA?9?$AAm?$AAs?$AA?9?$AAw?$AAi?$AAn?$AA?9?$AAc?$AAo?$AAr?$AAe?$AA?9?$AAw?$AAi?$AAn?$AAr?$AAt?$AA?9?$AAl?$AA1?$AA?9?$AA1?$AA?9?$AA0?$AA?$AA@ 0000000180010ca0     libucrt:winapi_thunks.obj
 0002:00001ce0       ??_C@_1DM@KGHDGBCM@?$AAa?$AAp?$AAi?$AA?9?$AAm?$AAs?$AA?9?$AAw?$AAi?$AAn?$AA?9?$AAc?$AAo?$AAr?$AAe?$AA?9?$AAx?$AAs?$AAt?$AAa?$AAt?$AAe?$AA?9?$AAl?$AA2?$AA?9?$AA1?$AA?9?$AA0?$AA?$AA@ 0000000180010ce0     libucrt:winapi_thunks.obj
 0002:00001d20       ??_C@_1EO@IJIOEFOH@?$AAa?$AAp?$AAi?$AA?9?$AAm?$AAs?$AA?9?$AAw?$AAi?$AAn?$AA?9?$AAr?$AAt?$AAc?$AAo?$AAr?$AAe?$AA?9?$AAn?$AAt?$AAu?$AAs?$AAe?$AAr?$AA?9?$AAw?$AAi?$AAn?$AAd?$AAo?$AAw?$AA?9@ 0000000180010d20     libucrt:winapi_thunks.obj
 0002:00001d70       ??_C@_1FG@HHGEKANL@?$AAa?$AAp?$AAi?$AA?9?$AAm?$AAs?$AA?9?$AAw?$AAi?$AAn?$AA?9?$AAs?$AAe?$AAc?$AAu?$AAr?$AAi?$AAt?$AAy?$AA?9?$AAs?$AAy?$AAs?$AAt?$AAe?$AAm?$AAf?$AAu?$AAn?$AAc?$AAt?$AAi@ 0000000180010d70     libucrt:winapi_thunks.obj
 0002:00001dd0       ??_C@_1EG@DBIOJECG@?$AAe?$AAx?$AAt?$AA?9?$AAm?$AAs?$AA?9?$AAw?$AAi?$AAn?$AA?9?$AAn?$AAt?$AAu?$AAs?$AAe?$AAr?$AA?9?$AAd?$AAi?$AAa?$AAl?$AAo?$AAg?$AAb?$AAo?$AAx?$AA?9?$AAl?$AA1?$AA?9?$AA1@ 0000000180010dd0     libucrt:winapi_thunks.obj
 0002:00001e20       ??_C@_1EO@FIHMJCLF@?$AAe?$AAx?$AAt?$AA?9?$AAm?$AAs?$AA?9?$AAw?$AAi?$AAn?$AA?9?$AAn?$AAt?$AAu?$AAs?$AAe?$AAr?$AA?9?$AAw?$AAi?$AAn?$AAd?$AAo?$AAw?$AAs?$AAt?$AAa?$AAt?$AAi?$AAo?$AAn?$AA?9@ 0000000180010e20     libucrt:winapi_thunks.obj
 0002:00001e70       ??_C@_1BC@DNHGCMLG@?$AAa?$AAd?$AAv?$AAa?$AAp?$AAi?$AA3?$AA2?$AA?$AA@ 0000000180010e70     libucrt:winapi_thunks.obj
 0002:00001e88       ??_C@_1BC@GDMECMAK@?$AAk?$AAe?$AAr?$AAn?$AAe?$AAl?$AA3?$AA2?$AA?$AA@ 0000000180010e88     libucrt:winapi_thunks.obj
 0002:00001ea0       ??_C@_1M@OAIMIKLP@?$AAn?$AAt?$AAd?$AAl?$AAl?$AA?$AA@ 0000000180010ea0     libucrt:winapi_thunks.obj
 0002:00001eb0       ??_C@_1EG@DPGNFKGC@?$AAa?$AAp?$AAi?$AA?9?$AAm?$AAs?$AA?9?$AAw?$AAi?$AAn?$AA?9?$AAa?$AAp?$AAp?$AAm?$AAo?$AAd?$AAe?$AAl?$AA?9?$AAr?$AAu?$AAn?$AAt?$AAi?$AAm?$AAe?$AA?9?$AAl?$AA1?$AA?9?$AA1@ 0000000180010eb0     libucrt:winapi_thunks.obj
 0002:00001ef8       ??_C@_1O@BCCLBEOE@?$AAu?$AAs?$AAe?$AAr?$AA3?$AA2?$AA?$AA@ 0000000180010ef8     libucrt:winapi_thunks.obj
 0002:00001f08       ??_C@_1BA@PFFKHIOG@?$AAa?$AAp?$AAi?$AA?9?$AAm?$AAs?$AA?9?$AA?$AA@ 0000000180010f08     libucrt:winapi_thunks.obj
 0002:00001f18       ??_C@_1BA@IAIFMGEF@?$AAe?$AAx?$AAt?$AA?9?$AAm?$AAs?$AA?9?$AA?$AA@ 0000000180010f18     libucrt:winapi_thunks.obj
 0002:00001f30       ??_C@_0BA@FHFNEAED@AreFileApisANSI?$AA@ 0000000180010f30     libucrt:winapi_thunks.obj
 0002:00001f48       ??_C@_08KNHFBNJ@FlsAlloc?$AA@ 0000000180010f48     libucrt:winapi_thunks.obj
 0002:00001f60       ??_C@_07PEJMOBNF@FlsFree?$AA@ 0000000180010f60     libucrt:winapi_thunks.obj
 0002:00001f70       ??_C@_0M@GDNOONDI@FlsGetValue?$AA@ 0000000180010f70     libucrt:winapi_thunks.obj
 0002:00001f88       ??_C@_0M@JCPCPOEF@FlsSetValue?$AA@ 0000000180010f88     libucrt:winapi_thunks.obj
 0002:00001fa0       ??_C@_0BM@HCFOFFN@InitializeCriticalSectionEx?$AA@ 0000000180010fa0     libucrt:winapi_thunks.obj
 0002:00001fc8       ??_C@_0O@KKBNKAPF@LCMapStringEx?$AA@ 0000000180010fc8     libucrt:winapi_thunks.obj
 0002:00001fe0       ??_C@_0BB@HBDEELFH@LocaleNameToLCID?$AA@ 0000000180010fe0     libucrt:winapi_thunks.obj
 0002:00001ff8       ??_C@_0CF@OJOFEIGO@AppPolicyGetProcessTerminationMe@ 0000000180010ff8     libucrt:winapi_thunks.obj
 0002:00002020       __newctype                 0000000180011020     libucrt:ctype.obj
 0002:00002320       __newclmap                 0000000180011320     libucrt:ctype.obj
 0002:000024a0       __newcumap                 00000001800114a0     libucrt:ctype.obj
 0002:00002620       ??_C@_15PJPFLCCM@?$AAu?$AAk?$AA?$AA@ 0000000180011620     libucrt:get_qualified_locale.obj
 0002:00003470       ??_C@_15EMKDOKLE@?$AAa?$AAr?$AA?$AA@ 0000000180012470     libucrt:lcidtoname_downlevel.obj
 0002:00003478       ??_C@_15KNPADPLH@?$AAb?$AAg?$AA?$AA@ 0000000180012478     libucrt:lcidtoname_downlevel.obj
 0002:00003480       ??_C@_15EDMHLDMO@?$AAc?$AAa?$AA?$AA@ 0000000180012480     libucrt:lcidtoname_downlevel.obj
 0002:00003488       ??_C@_1O@BPEAJADD@?$AAz?$AAh?$AA?9?$AAC?$AAH?$AAS?$AA?$AA@ 0000000180012488     libucrt:lcidtoname_downlevel.obj
 0002:00003498       ??_C@_15LJNHCMNK@?$AAc?$AAs?$AA?$AA@ 0000000180012498     libucrt:lcidtoname_downlevel.obj
 0002:000034a0       ??_C@_15FOMCIDHG@?$AAd?$AAa?$AA?$AA@ 00000001800124a0     libucrt:lcidtoname_downlevel.obj
 0002:000034a8       ??_C@_15NBKABECB@?$AAd?$AAe?$AA?$AA@ 00000001800124a8     libucrt:lcidtoname_downlevel.obj
 0002:000034b0       ??_C@_15GHPEIIAO@?$AAe?$AAl?$AA?$AA@ 00000001800124b0     libucrt:lcidtoname_downlevel.obj
 0002:000034b8       ??_C@_15MNPNEAIF@?$AAe?$AAn?$AA?$AA@ 00000001800124b8     libucrt:lcidtoname_downlevel.obj
 0002:000034c0       ??_C@_15GPIOMPMH@?$AAe?$AAs?$AA?$AA@ 00000001800124c0     libucrt:lcidtoname_downlevel.obj
 0002:000034c8       ??_C@_15NGLOAKJC@?$AAf?$AAi?$AA?$AA@ 00000001800124c8     libucrt:lcidtoname_downlevel.obj
 0002:000034d0       ??_C@_15FBKGNKAM@?$AAf?$AAr?$AA?$AA@ 00000001800124d0     libucrt:lcidtoname_downlevel.obj
 0002:000034d8       ??_C@_15KGGCNEFK@?$AAh?$AAe?$AA?$AA@ 00000001800124d8     libucrt:lcidtoname_downlevel.obj
 0002:000034e0       ??_C@_15PGHLIDMF@?$AAh?$AAu?$AA?$AA@ 00000001800124e0     libucrt:lcidtoname_downlevel.obj
 0002:000034e8       ??_C@_15BIEMAPLM@?$AAi?$AAs?$AA?$AA@ 00000001800124e8     libucrt:lcidtoname_downlevel.obj
 0002:000034f0       ??_C@_15IFJLDHAF@?$AAi?$AAt?$AA?$AA@ 00000001800124f0     libucrt:lcidtoname_downlevel.obj
 0002:000034f8       ??_C@_15GEMIOCAG@?$AAj?$AAa?$AA?$AA@ 00000001800124f8     libucrt:lcidtoname_downlevel.obj
 0002:00003500       ??_C@_15EPELEGJA@?$AAk?$AAo?$AA?$AA@ 0000000180012500     libucrt:lcidtoname_downlevel.obj
 0002:00003508       ??_C@_15NDDHIMN@?$AAn?$AAl?$AA?$AA@ 0000000180012508     libucrt:lcidtoname_downlevel.obj
 0002:00003510       ??_C@_15BPIGNHCD@?$AAn?$AAo?$AA?$AA@ 0000000180012510     libucrt:lcidtoname_downlevel.obj
 0002:00003518       ??_C@_15DEOPBLCG@?$AAp?$AAl?$AA?$AA@ 0000000180012518     libucrt:lcidtoname_downlevel.obj
 0002:00003520       ??_C@_15KBECGEFG@?$AAp?$AAt?$AA?$AA@ 0000000180012520     libucrt:lcidtoname_downlevel.obj
 0002:00003528       ??_C@_15GLJCBFMD@?$AAr?$AAo?$AA?$AA@ 0000000180012528     libucrt:lcidtoname_downlevel.obj
 0002:00003530       ??_C@_15FEDGKCDI@?$AAr?$AAu?$AA?$AA@ 0000000180012530     libucrt:lcidtoname_downlevel.obj
 0002:00003538       ??_C@_15GLKMLLHM@?$AAh?$AAr?$AA?$AA@ 0000000180012538     libucrt:lcidtoname_downlevel.obj
 0002:00003540       ??_C@_15CPKMFBDB@?$AAs?$AAk?$AA?$AA@ 0000000180012540     libucrt:lcidtoname_downlevel.obj
 0002:00003548       ??_C@_15BAAIOGMK@?$AAs?$AAq?$AA?$AA@ 0000000180012548     libucrt:lcidtoname_downlevel.obj
 0002:00003550       ??_C@_15INNPNOHD@?$AAs?$AAv?$AA?$AA@ 0000000180012550     libucrt:lcidtoname_downlevel.obj
 0002:00003558       ??_C@_15CABMMOGH@?$AAt?$AAh?$AA?$AA@ 0000000180012558     libucrt:lcidtoname_downlevel.obj
 0002:00003560       ??_C@_15BPLIHJJM@?$AAt?$AAr?$AA?$AA@ 0000000180012560     libucrt:lcidtoname_downlevel.obj
 0002:00003568       ??_C@_15NEOEKKDJ@?$AAu?$AAr?$AA?$AA@ 0000000180012568     libucrt:lcidtoname_downlevel.obj
 0002:00003570       ??_C@_15NFICGAJK@?$AAi?$AAd?$AA?$AA@ 0000000180012570     libucrt:lcidtoname_downlevel.obj
 0002:00003578       ??_C@_15HPJPHDM@?$AAb?$AAe?$AA?$AA@ 0000000180012578     libucrt:lcidtoname_downlevel.obj
 0002:00003580       ??_C@_15LCHLGJII@?$AAs?$AAl?$AA?$AA@ 0000000180012580     libucrt:lcidtoname_downlevel.obj
 0002:00003588       ??_C@_15PCFJPHHO@?$AAe?$AAt?$AA?$AA@ 0000000180012588     libucrt:lcidtoname_downlevel.obj
 0002:00003590       ??_C@_15HPFPGODN@?$AAl?$AAv?$AA?$AA@ 0000000180012590     libucrt:lcidtoname_downlevel.obj
[...]
 0004:0000096c       $pdata$_recalloc_base      000000018001b96c     libucrt:recalloc.obj
 0004:00000978       $pdata$?try_get_function@@YAPEAXW4function_id@?A0x391cf84c@@QEBDQEBW4module_id@2@2@Z 000000018001b978     libucrt:winapi_thunks.obj
 0004:00000984       $pdata$__acrt_AppPolicyGetProcessTerminationMethodInternal 000000018001b984     libucrt:winapi_thunks.obj
 0004:00000990       $pdata$__acrt_AreFileApisANSI 000000018001b990     libucrt:winapi_thunks.obj
 0004:0000099c       $pdata$__acrt_FlsAlloc     000000018001b99c     libucrt:winapi_thunks.obj
 0004:000009a8       $pdata$__acrt_FlsFree      000000018001b9a8     libucrt:winapi_thunks.obj
 0004:000009b4       $pdata$__acrt_FlsGetValue  000000018001b9b4     libucrt:winapi_thunks.obj
 0004:000009c0       $pdata$__acrt_FlsSetValue  000000018001b9c0     libucrt:winapi_thunks.obj
 0004:000009cc       $pdata$__acrt_InitializeCriticalSectionEx 000000018001b9cc     libucrt:winapi_thunks.obj
 0004:000009d8       $pdata$__acrt_LCMapStringEx 000000018001b9d8     libucrt:winapi_thunks.obj
 0004:000009e4       $pdata$__acrt_LocaleNameToLCID 000000018001b9e4     libucrt:winapi_thunks.obj
 0004:000009f0       $pdata$__acrt_initialize_winapi_thunks 000000018001b9f0     libucrt:winapi_thunks.obj
 0004:000009fc       $pdata$__acrt_uninitialize_winapi_thunks 000000018001b9fc     libucrt:winapi_thunks.obj
 0004:00000a08       $pdata$__acrt_initialize_heap 000000018001ba08     libucrt:heap_handle.obj
 0004:00000a14       $pdata$?initialize_inherited_file_handles_nolock@@YAXXZ 000000018001ba14     libucrt:ioinit.obj
 0004:00000a20       $pdata$?initialize_stdio_handles_nolock@@YAXXZ 000000018001ba20     libucrt:ioinit.obj
 0004:00000a2c       $pdata$__acrt_initialize_lowio 000000018001ba2c     libucrt:ioinit.obj
 0004:00000a38       $pdata$__acrt_uninitialize_lowio 000000018001ba38     libucrt:ioinit.obj
 0004:00000a44       $pdata$__acrt_execute_initializers 000000018001ba44     libucrt:shared_initialization.obj
 0004:00000a50       $pdata$__acrt_execute_uninitializers 000000018001ba50     libucrt:shared_initialization.obj
 0004:00000a5c       $pdata$??$?RV<lambda_450d765d439847d4c735a33c368b5fc0>@@AEAV<lambda_44731a7d0e6d81c3e6aa82d741081786>@@V<lambda_601a2a7da3b7a96e9554ac7215c4b07c>@@@?$__crt_seh_guarded_call@P6AXH@Z@@QEAAP6AXH@Z$$QEAV<lambda_450d765d439847d4c735a33c368b5fc0>@@AEAV<lambda_44731a7d0e6d81c3e6aa82d741081786>@@$$QEAV<lambda_601a2a7da3b7a96e9554ac7215c4b07c>@@@Z 000000018001ba5c     libucrt:signal.obj
 0004:00000a68       $pdata$__acrt_get_sigabrt_handler 000000018001ba68     libucrt:signal.obj
 0004:00000a74       $pdata$raise               000000018001ba74     libucrt:signal.obj
 0004:00000a80       $pdata$??$?RV<lambda_842d9ff0dc9ef11c61343bbaebe7f885>@@AEAV<lambda_c5860995281e5c4ce005b3de8f5874ee>@@V<lambda_d90129c13df834fdcbf8d2b88dafcf2d>@@@?$__crt_seh_guarded_call@X@@QEAAX$$QEAV<lambda_842d9ff0dc9ef11c61343bbaebe7f885>@@AEAV<lambda_c5860995281e5c4ce005b3de8f5874ee>@@$$QEAV<lambda_d90129c13df834fdcbf8d2b88dafcf2d>@@@Z 000000018001ba80     libucrt:fflush.obj
 0004:00000a8c       $pdata$??$?RV<lambda_886d6c58226a84441f68b9f2b8217b83>@@AEAV<lambda_ab61a845afdef5b7c387490eaf3616ee>@@V<lambda_f7f22ab5edc0698d5f6905b0d3f44752>@@@?$__crt_seh_guarded_call@X@@QEAAX$$QEAV<lambda_886d6c58226a84441f68b9f2b8217b83>@@AEAV<lambda_ab61a845afdef5b7c387490eaf3616ee>@@$$QEAV<lambda_f7f22ab5edc0698d5f6905b0d3f44752>@@@Z 000000018001ba8c     libucrt:fflush.obj
 0004:00000a98       $pdata$?common_flush_all@@YAH_N@Z 000000018001ba98     libucrt:fflush.obj
 0004:00000aa4       $pdata$__acrt_stdio_flush_nolock 000000018001baa4     libucrt:fflush.obj
 0004:00000ab0       $pdata$_fflush_nolock      000000018001bab0     libucrt:fflush.obj
 0004:00000abc       $pdata$__acrt_initialize_stdio 000000018001babc     libucrt:_file.obj
 0004:00000ac8       $pdata$__acrt_uninitialize_stdio 000000018001bac8     libucrt:_file.obj
 0004:00000ad4       $pdata$_mbtowc_l           000000018001bad4     libucrt:mbtowc.obj
 0004:00000ae0       $pdata$_fileno             000000018001bae0     libucrt:fileno.obj
 0004:00000aec       $pdata$__pctype_func       000000018001baec     libucrt:ctype.obj
 0004:00000af8       $pdata$_isctype_l          000000018001baf8     libucrt:isctype.obj
 0004:00000b04       $pdata$__acrt_free_locale  000000018001bb04     libucrt:locale_refcounting.obj
 0004:00000b10       $pdata$__acrt_locale_free_lc_time_if_unreferenced 000000018001bb10     libucrt:locale_refcounting.obj
 0004:00000b1c       $pdata$__acrt_release_locale_ref 000000018001bb1c     libucrt:locale_refcounting.obj
 0004:00000b28       $pdata$__acrt_update_thread_locale_data 000000018001bb28     libucrt:locale_refcounting.obj
 0004:00000b34       $pdata$_updatetlocinfoEx_nolock 000000018001bb34     libucrt:locale_refcounting.obj
 0004:00000b40       $pdata$_isleadbyte_l       000000018001bb40     libucrt:_wctype.obj
 0004:00000b4c       $pdata$?__acrt_LCMapStringA_stat@@YAHPEAU__crt_locale_pointers@@PEB_WKPEBDHPEADHHH@Z 000000018001bb4c     libucrt:lcmapstringa.obj
 0004:00000b58       $pdata$__acrt_LCMapStringA 000000018001bb58     libucrt:lcmapstringa.obj
 0004:00000b64       $pdata$__acrt_locale_free_monetary 000000018001bb64     libucrt:initmon.obj
 0004:00000b70       $pdata$__acrt_locale_free_numeric 000000018001bb70     libucrt:initnum.obj
 0004:00000b7c       $pdata$?free_crt_array_internal@@YAXQEAPEBX_K@Z 000000018001bb7c     libucrt:inittime.obj
 0004:00000b88       $pdata$__acrt_locale_free_time 000000018001bb88     libucrt:inittime.obj
 0004:00000b94       $pdata$__acrt_GetStringTypeA 000000018001bb94     libucrt:getstringtypea.obj
 0004:00000ba0       $pdata$qsort               000000018001bba0     libucrt:qsort.obj
 0004:00000bac       $pdata$4$qsort             000000018001bbac     libucrt:qsort.obj
 0004:00000bb8       $pdata$5$qsort             000000018001bbb8     libucrt:qsort.obj
 0004:00000bc4       $pdata$strncpy_s           000000018001bbc4     libucrt:strncpy_s.obj
 0004:00000bd0       $pdata$fallbackMethod      000000018001bbd0     libucrt:strpbrk.obj
 0004:00000bdc       $pdata$strpbrk             000000018001bbdc     libucrt:strpbrk.obj
 0004:00000be8       $pdata$_mbsdec_l           000000018001bbe8     libucrt:mbsdec.obj
 0004:00000bf4       $pdata$?initialize_multibyte@@YAHXZ 000000018001bbf4     libucrt:multibyte_initializer.obj
 0004:00000c00       $pdata$_msize_base         000000018001bc00     libucrt:msize.obj
 0004:00000c0c       $pdata$_realloc_base       000000018001bc0c     libucrt:realloc_base.obj
 0004:00000c18       $pdata$?GetTableIndexFromLocaleName@@YAHPEB_W@Z 000000018001bc18     libucrt:lcidtoname_downlevel.obj
 0004:00000c24       $pdata$__acrt_DownlevelLocaleNameToLCID 000000018001bc24     libucrt:lcidtoname_downlevel.obj
 0004:00000c30       $pdata$__acrt_lowio_create_handle_array 000000018001bc30     libucrt:osfinfo.obj
 0004:00000c3c       $pdata$__acrt_lowio_destroy_handle_array 000000018001bc3c     libucrt:osfinfo.obj
 0004:00000c48       $pdata$__acrt_lowio_ensure_fh_exists 000000018001bc48     libucrt:osfinfo.obj
 0004:00000c54       $pdata$_free_osfhnd        000000018001bc54     libucrt:osfinfo.obj
 0004:00000c60       $pdata$_get_osfhandle      000000018001bc60     libucrt:osfinfo.obj
 0004:00000c6c       $pdata$??$?RV<lambda_a37b2b86f63e897a80ea819b0eb08c01>@@AEAV<lambda_38ce7e780aa69e748d6df282ebc68efe>@@V<lambda_99fb1378e971ab6e7edea83e3a7a83a2>@@@?$__crt_seh_guarded_call@H@@QEAAH$$QEAV<lambda_a37b2b86f63e897a80ea819b0eb08c01>@@AEAV<lambda_38ce7e780aa69e748d6df282ebc68efe>@@$$QEAV<lambda_99fb1378e971ab6e7edea83e3a7a83a2>@@@Z 000000018001bc6c     libucrt:commit.obj
 0004:00000c78       $pdata$_commit             000000018001bc78     libucrt:commit.obj
 0004:00000c84       $pdata$?write_double_translated_ansi_nolock@@YA?AUwrite_result@?A0x17268360@@HQEBDI@Z 000000018001bc84     libucrt:write.obj
 0004:00000c90       $pdata$?write_text_ansi_nolock@@YA?AUwrite_result@?A0x17268360@@HQEBDI@Z 000000018001bc90     libucrt:write.obj
 0004:00000c9c       $pdata$?write_text_utf16le_nolock@@YA?AUwrite_result@?A0x17268360@@HQEBDI@Z 000000018001bc9c     libucrt:write.obj
 0004:00000ca8       $pdata$?write_text_utf8_nolock@@YA?AUwrite_result@?A0x17268360@@HQEBDI@Z 000000018001bca8     libucrt:write.obj
 0004:00000cb4       $pdata$_write              000000018001bcb4     libucrt:write.obj
 0004:00000cc0       $pdata$_write_nolock       000000018001bcc0     libucrt:write.obj
 0004:00000ccc       $pdata$_fcloseall          000000018001bccc     libucrt:closeall.obj
 0004:00000cd8       $pdata$__acrt_stdio_free_buffer_nolock 000000018001bcd8     libucrt:_freebuf.obj
 0004:00000ce4       $pdata$_isatty             000000018001bce4     libucrt:isatty.obj
 0004:00000cf0       $pdata$?__mbrtowc_utf8@__crt_mbstring@@YA_KPEA_WPEBD_KPEAU_Mbstatet@@@Z 000000018001bcf0     libucrt:mbrtowc.obj
 0004:00000cfc       $pdata$?__mbsrtowcs_utf8@__crt_mbstring@@YA_KPEA_WPEAPEBD_KPEAU_Mbstatet@@@Z 000000018001bcfc     libucrt:mbrtowc.obj
 0004:00000d08       $pdata$??$common_lseek_nolock@_J@@YA_JH_JH@Z 000000018001bd08     libucrt:lseek.obj
 0004:00000d14       $pdata$_putwch_nolock      000000018001bd14     libucrt:putwch.obj
 0004:00000d20       $pdata$_fclose_nolock      000000018001bd20     libucrt:fclose.obj
 0004:00000d2c       $pdata$fclose              000000018001bd2c     libucrt:fclose.obj
 0004:00000d38       $pdata$?__mbrtoc32_utf8@__crt_mbstring@@YA_KPEA_UPEBD_KPEAU_Mbstatet@@@Z 000000018001bd38     libucrt:mbrtoc32.obj
 0004:00000d50       $pdata$__dcrt_lowio_ensure_console_output_initialized 000000018001bd50     libucrt:initcon.obj
 0004:00000d5c       $pdata$__dcrt_terminate_console_output 000000018001bd5c     libucrt:initcon.obj
 0004:00000d68       $pdata$__dcrt_write_console 000000018001bd68     libucrt:initcon.obj
 0004:00000d74       $pdata$??$?RV<lambda_751a882b2c74d4b022dec766aa51a29a>@@AEAV<lambda_628dfdc04ba53c8bfc02c9951375f3f5>@@V<lambda_f6c7be5f7998530c34de24c7437d6b54>@@@?$__crt_seh_guarded_call@H@@QEAAH$$QEAV<lambda_751a882b2c74d4b022dec766aa51a29a>@@AEAV<lambda_628dfdc04ba53c8bfc02c9951375f3f5>@@$$QEAV<lambda_f6c7be5f7998530c34de24c7437d6b54>@@@Z 000000018001bd74     libucrt:close.obj
 0004:00000d80       $pdata$_close              000000018001bd80     libucrt:close.obj
 0004:00000d8c       $pdata$_close_nolock       000000018001bd8c     libucrt:close.obj
 0004:00000d98       $pdata$_call_matherr       000000018001bd98     libucrt:libm_error.obj
 0004:00000da4       $pdata$_exception_enabled  000000018001bda4     libucrt:libm_error.obj
 0004:00000db0       $pdata$_handle_error       000000018001bdb0     libucrt:libm_error.obj
 0004:00000dbc       $pdata$__acrt_initialize_fma3 000000018001bdbc     libucrt:fma3_available.obj
 0004:00000dc8       $pdata$_log10_special      000000018001bdc8     libucrt:log_special.obj
 0004:00000dd4       $pdata$_log_special_common 000000018001bdd4     libucrt:log_special.obj
 0004:00000dec       $pdata$_raise_exc          000000018001bdec     libucrt:fpexcept.obj
 0004:00000df8       $pdata$_raise_exc_ex       000000018001bdf8     libucrt:fpexcept.obj
 0004:00000e04       $pdata$_set_errno_from_matherr 000000018001be04     libucrt:fpexcept.obj
 0004:00000e10       $pdata$_clrfp              000000018001be10     libucrt:fpctrl.obj
 0004:00000e1c       $pdata$_ctrlfp             000000018001be1c     libucrt:fpctrl.obj
 0004:00000e28       $pdata$_set_statfp         000000018001be28     libucrt:fpctrl.obj
 0004:00000e34       $pdata$_statfp             000000018001be34     libucrt:fpctrl.obj
 0004:00000e40       $pdata$?DloadAcquireSectionWriteAccess@@YAXXZ 000000018001be40     DelayImp:delayhlp.obj
 0004:00000e4c       $pdata$?DloadGetSRWLockFunctionPointers@@YAEXZ 000000018001be4c     DelayImp:delayhlp.obj
 0004:00000e58       $pdata$?DloadMakePermanentImageCommit@@YAXPEAX_K@Z 000000018001be58     DelayImp:delayhlp.obj
 0004:00000e64       $pdata$?DloadObtainSection@@YAPEAXPEAK0@Z 000000018001be64     DelayImp:delayhlp.obj
 0004:00000e70       $pdata$?DloadProtectSection@@YAXKPEAK@Z 000000018001be70     DelayImp:delayhlp.obj
 0004:00000e7c       $pdata$?DloadReleaseSectionWriteAccess@@YAXXZ 000000018001be7c     DelayImp:delayhlp.obj
 0004:00000e88       $pdata$__delayLoadHelper2  000000018001be88     DelayImp:delayhlp.obj
 0004:00000e94       $pdata$_IsNonwritableInCurrentImage 000000018001be94     LIBCMT:pesect.obj
 0004:00000ea0       $pdata$__GSHandlerCheck    000000018001bea0     LIBCMT:gshandler.obj
 0004:00000eac       $pdata$__GSHandlerCheckCommon 000000018001beac     LIBCMT:gshandler.obj
 0004:00000edc       $pdata$?fin$0@?0??dllmain_crt_process_attach@@YAHQEAUHINSTANCE__@@QEAX@Z@4HA 000000018001bedc     LIBCMT:dll_dllmain.obj
 0004:00000ee8       $pdata$?fin$0@?0??dllmain_crt_process_detach@@YAH_N@Z@4HA 000000018001bee8     LIBCMT:dll_dllmain.obj
 0004:00000ef4       $pdata$?filt$0@?0??dllmain_dispatch@@YAHQEAUHINSTANCE__@@KQEAX@Z@4HA 000000018001bef4     LIBCMT:dll_dllmain.obj
 0004:00000f00       $pdata$__scrt_is_nonwritable_in_current_image$filt$0 000000018001bf00     LIBCMT:utility.obj
 0004:00000f0c       $pdata$__DestructExceptionObject$filt$0 000000018001bf0c     libvcruntime:ehhelpers.obj
 0004:00000f18       $pdata$_query_new_handler$fin$0 000000018001bf18     libucrt:new_handler.obj
 0004:00000f24       $pdata$?fin$0@?0???$?RV<lambda_f2e299630e499de9f9a165e60fcd3db5>@@AEAV<lambda_2ae9d31cdba2644fcbeaf08da7c24588>@@V<lambda_40d01ff24d0e7b3814fdbdcee8eab3c7>@@@?$__crt_seh_guarded_call@X@@QEAAX$$QEAV<lambda_f2e299630e499de9f9a165e60fcd3db5>@@AEAV<lambda_2ae9d31cdba2644fcbeaf08da7c24588>@@$$QEAV<lambda_40d01ff24d0e7b3814fdbdcee8eab3c7>@@@Z@4HA 000000018001bf24     libucrt:per_thread_data.obj
 0004:00000f24       $pdata$?fin$0@?0???$?RV<lambda_efdfa57d1f175319df784efa44bb7b81>@@AEAV<lambda_5f0a4c1567f8adc6734073e5d1e1b35c>@@V<lambda_2e8a7d3640ea6ccb4c2413664c2db6fd>@@@?$__crt_seh_guarded_call@X@@QEAAX$$QEAV<lambda_efdfa57d1f175319df784efa44bb7b81>@@AEAV<lambda_5f0a4c1567f8adc6734073e5d1e1b35c>@@$$QEAV<lambda_2e8a7d3640ea6ccb4c2413664c2db6fd>@@@Z@4HA 000000018001bf24     libucrt:mbctype.obj
 0004:00000f24       $pdata$?fin$0@?0???$?RV<lambda_d80eeec6fff315bfe5c115232f3240e3>@@AEAV<lambda_6e4b09c48022b2350581041d5f6b0c4c>@@V<lambda_2358e3775559c9db80273638284d5e45>@@@?$__crt_seh_guarded_call@X@@QEAAX$$QEAV<lambda_d80eeec6fff315bfe5c115232f3240e3>@@AEAV<lambda_6e4b09c48022b2350581041d5f6b0c4c>@@$$QEAV<lambda_2358e3775559c9db80273638284d5e45>@@@Z@4HA 000000018001bf24     libucrt:exit.obj
 0004:00000f24       $pdata$?fin$0@?0???$?RV<lambda_2d41944a1d46af3157314b8a01080d33>@@AEAV<lambda_8f455de75cd7d7f24b4096f044d8b9e6>@@V<lambda_aa500f224e6afead328df44964fe2772>@@@?$__crt_seh_guarded_call@X@@QEAAX$$QEAV<lambda_2d41944a1d46af3157314b8a01080d33>@@AEAV<lambda_8f455de75cd7d7f24b4096f044d8b9e6>@@$$QEAV<lambda_aa500f224e6afead328df44964fe2772>@@@Z@4HA 000000018001bf24     libucrt:per_thread_data.obj
 0004:00000f24       $pdata$?fin$0@?0???$?RV<lambda_aa87e3671a710a21b5dc78c0bdf72e11>@@AEAV<lambda_92619d2358a28f41a33ba319515a20b9>@@V<lambda_6992ecaafeb10aed2b74cb1fae11a551>@@@?$__crt_seh_guarded_call@X@@QEAAX$$QEAV<lambda_aa87e3671a710a21b5dc78c0bdf72e11>@@AEAV<lambda_92619d2358a28f41a33ba319515a20b9>@@$$QEAV<lambda_6992ecaafeb10aed2b74cb1fae11a551>@@@Z@4HA 000000018001bf24     libucrt:per_thread_data.obj
 0004:00000f24       $pdata$?fin$0@?0???$?RV<lambda_450d765d439847d4c735a33c368b5fc0>@@AEAV<lambda_44731a7d0e6d81c3e6aa82d741081786>@@V<lambda_601a2a7da3b7a96e9554ac7215c4b07c>@@@?$__crt_seh_guarded_call@P6AXH@Z@@QEAAP6AXH@Z$$QEAV<lambda_450d765d439847d4c735a33c368b5fc0>@@AEAV<lambda_44731a7d0e6d81c3e6aa82d741081786>@@$$QEAV<lambda_601a2a7da3b7a96e9554ac7215c4b07c>@@@Z@4HA 000000018001bf24     libucrt:signal.obj
 0004:00000f24       $pdata$?fin$0@?0???$?RV<lambda_7777bce6b2f8c936911f934f8298dc43>@@AEAV<lambda_f03950bc5685219e0bcd2087efbe011e>@@V<lambda_3883c3dff614d5e0c5f61bb1ac94921c>@@@?$__crt_seh_guarded_call@H@@QEAAH$$QEAV<lambda_7777bce6b2f8c936911f934f8298dc43>@@AEAV<lambda_f03950bc5685219e0bcd2087efbe011e>@@$$QEAV<lambda_3883c3dff614d5e0c5f61bb1ac94921c>@@@Z@4HA 000000018001bf24     libucrt:onexit.obj
 0004:00000f24       $pdata$?fin$0@?0???$?RV<lambda_0ae27a3a962d80f24befdcbee591983d>@@AEAV<lambda_8d0ee55de4b1038c4002e0adecdf1839>@@V<lambda_dc504788e8f1664fe9b84e20bfb512f2>@@@?$__crt_seh_guarded_call@X@@QEAAX$$QEAV<lambda_0ae27a3a962d80f24befdcbee591983d>@@AEAV<lambda_8d0ee55de4b1038c4002e0adecdf1839>@@$$QEAV<lambda_dc504788e8f1664fe9b84e20bfb512f2>@@@Z@4HA 000000018001bf24     libucrt:per_thread_data.obj
 0004:00000f30       $pdata$?filt$0@?0???R<lambda_6e4b09c48022b2350581041d5f6b0c4c>@@QEBA@XZ@4HA 000000018001bf30     libucrt:exit.obj
 0004:00000f3c       $pdata$?fin$0@?0???$?RV<lambda_410d79af7f07d98d83a3f525b3859a53>@@AEAV<lambda_3e16ef9562a7dcce91392c22ab16ea36>@@V<lambda_38119f0e861e05405d8a144b9b982f0a>@@@?$__crt_seh_guarded_call@X@@QEAAX$$QEAV<lambda_410d79af7f07d98d83a3f525b3859a53>@@AEAV<lambda_3e16ef9562a7dcce91392c22ab16ea36>@@$$QEAV<lambda_38119f0e861e05405d8a144b9b982f0a>@@@Z@4HA 000000018001bf3c     libucrt:wsetlocale.obj
 0004:00000f48       $pdata$?fin$0@?0??update_thread_multibyte_data_internal@@YAPEAU__crt_multibyte_data@@QEAU__acrt_ptd@@QEAPEAU1@@Z@4HA 000000018001bf48     libucrt:mbctype.obj
 0004:00000f54       $pdata$__acrt_initialize_lowio$fin$0 000000018001bf54     libucrt:ioinit.obj
 0004:00000f54       $pdata$__acrt_lowio_ensure_fh_exists$fin$0 000000018001bf54     libucrt:osfinfo.obj
 0004:00000f60       $pdata$raise$fin$0         000000018001bf60     libucrt:signal.obj
 0004:00000f6c       $pdata$?fin$0@?0???$?RV<lambda_842d9ff0dc9ef11c61343bbaebe7f885>@@AEAV<lambda_c5860995281e5c4ce005b3de8f5874ee>@@V<lambda_d90129c13df834fdcbf8d2b88dafcf2d>@@@?$__crt_seh_guarded_call@X@@QEAAX$$QEAV<lambda_842d9ff0dc9ef11c61343bbaebe7f885>@@AEAV<lambda_c5860995281e5c4ce005b3de8f5874ee>@@$$QEAV<lambda_d90129c13df834fdcbf8d2b88dafcf2d>@@@Z@4HA 000000018001bf6c     libucrt:fflush.obj
 0004:00000f78       $pdata$?fin$0@?0???$?RV<lambda_886d6c58226a84441f68b9f2b8217b83>@@AEAV<lambda_ab61a845afdef5b7c387490eaf3616ee>@@V<lambda_f7f22ab5edc0698d5f6905b0d3f44752>@@@?$__crt_seh_guarded_call@X@@QEAAX$$QEAV<lambda_886d6c58226a84441f68b9f2b8217b83>@@AEAV<lambda_ab61a845afdef5b7c387490eaf3616ee>@@$$QEAV<lambda_f7f22ab5edc0698d5f6905b0d3f44752>@@@Z@4HA 000000018001bf78     libucrt:fflush.obj
 0004:00000f84       $pdata$__acrt_update_thread_locale_data$fin$0 000000018001bf84     libucrt:locale_refcounting.obj
 0004:00000f90       $pdata$?fin$0@?0???$?RV<lambda_751a882b2c74d4b022dec766aa51a29a>@@AEAV<lambda_628dfdc04ba53c8bfc02c9951375f3f5>@@V<lambda_f6c7be5f7998530c34de24c7437d6b54>@@@?$__crt_seh_guarded_call@H@@QEAAH$$QEAV<lambda_751a882b2c74d4b022dec766aa51a29a>@@AEAV<lambda_628dfdc04ba53c8bfc02c9951375f3f5>@@$$QEAV<lambda_f6c7be5f7998530c34de24c7437d6b54>@@@Z@4HA 000000018001bf90     libucrt:close.obj
 0004:00000f90       $pdata$?fin$0@?0???$?RV<lambda_a37b2b86f63e897a80ea819b0eb08c01>@@AEAV<lambda_38ce7e780aa69e748d6df282ebc68efe>@@V<lambda_99fb1378e971ab6e7edea83e3a7a83a2>@@@?$__crt_seh_guarded_call@H@@QEAAH$$QEAV<lambda_a37b2b86f63e897a80ea819b0eb08c01>@@AEAV<lambda_38ce7e780aa69e748d6df282ebc68efe>@@$$QEAV<lambda_99fb1378e971ab6e7edea83e3a7a83a2>@@@Z@4HA 000000018001bf90     libucrt:commit.obj
 0004:00000f9c       $pdata$_write$fin$0        000000018001bf9c     libucrt:write.obj
 0004:00000fa8       $pdata$_fcloseall$fin$0    000000018001bfa8     libucrt:closeall.obj
 0004:00000fb4       $pdata$fclose$fin$0        000000018001bfb4     libucrt:fclose.obj
 0004:00000fc0       $pdata$_ctrlfp$filt$0      000000018001bfc0     libucrt:fpctrl.obj
 0004:00000fcc       $pdata$_IsNonwritableInCurrentImage$filt$0 000000018001bfcc     LIBCMT:pesect.obj
 0005:00000060       $R000000                   000000018001c060     * linker generated manifest res *

 Exports

  ordinal    name

        1    _register_addon_
